Archive member included to satisfy reference by file (symbol)

D:/Program Files/ti/TivaWare_C_Series-2.1.4.178/driverlib/gcc/libdriver.a(gpio.o)
                              ./main.o (GPIOPadConfigSet)
D:/Program Files/ti/TivaWare_C_Series-2.1.4.178/driverlib/gcc/libdriver.a(interrupt.o)
                              D:/Program Files/ti/TivaWare_C_Series-2.1.4.178/driverlib/gcc/libdriver.a(gpio.o) (IntRegister)
D:/Program Files/ti/TivaWare_C_Series-2.1.4.178/driverlib/gcc/libdriver.a(sysctl.o)
                              ./main.o (SysCtlPeripheralEnable)
D:/Program Files/ti/TivaWare_C_Series-2.1.4.178/driverlib/gcc/libdriver.a(uart.o)
                              ./FreeRTOS-Plus-IO/Device/TM4C1294/FreeRTOS_Tiva_uart.o (UARTFIFODisable)
D:/Program Files/ti/TivaWare_C_Series-2.1.4.178/driverlib/gcc/libdriver.a(cpu.o)
                              D:/Program Files/ti/TivaWare_C_Series-2.1.4.178/driverlib/gcc/libdriver.a(interrupt.o) (CPUcpsid)
d:/program files/ti/ccs920/ccs/tools/compiler/gcc-arm-none-eabi-7-2017-q4-major-win32/bin/../lib/gcc/arm-none-eabi/7.2.1/../../../../arm-none-eabi/lib/thumb/v7e-m/fpv4-sp/hard\libc.a(lib_a-exit.o)
                              d:/program files/ti/ccs920/ccs/tools/compiler/gcc-arm-none-eabi-7-2017-q4-major-win32/bin/../lib/gcc/arm-none-eabi/7.2.1/../../../../arm-none-eabi/lib/thumb/v7e-m/fpv4-sp/hard/crt0.o (exit)
d:/program files/ti/ccs920/ccs/tools/compiler/gcc-arm-none-eabi-7-2017-q4-major-win32/bin/../lib/gcc/arm-none-eabi/7.2.1/../../../../arm-none-eabi/lib/thumb/v7e-m/fpv4-sp/hard\libc.a(lib_a-impure.o)
                              d:/program files/ti/ccs920/ccs/tools/compiler/gcc-arm-none-eabi-7-2017-q4-major-win32/bin/../lib/gcc/arm-none-eabi/7.2.1/../../../../arm-none-eabi/lib/thumb/v7e-m/fpv4-sp/hard\libc.a(lib_a-exit.o) (_global_impure_ptr)
d:/program files/ti/ccs920/ccs/tools/compiler/gcc-arm-none-eabi-7-2017-q4-major-win32/bin/../lib/gcc/arm-none-eabi/7.2.1/../../../../arm-none-eabi/lib/thumb/v7e-m/fpv4-sp/hard\libc.a(lib_a-init.o)
                              d:/program files/ti/ccs920/ccs/tools/compiler/gcc-arm-none-eabi-7-2017-q4-major-win32/bin/../lib/gcc/arm-none-eabi/7.2.1/../../../../arm-none-eabi/lib/thumb/v7e-m/fpv4-sp/hard/crt0.o (__libc_init_array)
d:/program files/ti/ccs920/ccs/tools/compiler/gcc-arm-none-eabi-7-2017-q4-major-win32/bin/../lib/gcc/arm-none-eabi/7.2.1/../../../../arm-none-eabi/lib/thumb/v7e-m/fpv4-sp/hard\libc.a(lib_a-memcpy.o)
                              ./FreeRTOS/queue.o (memcpy)
d:/program files/ti/ccs920/ccs/tools/compiler/gcc-arm-none-eabi-7-2017-q4-major-win32/bin/../lib/gcc/arm-none-eabi/7.2.1/../../../../arm-none-eabi/lib/thumb/v7e-m/fpv4-sp/hard\libc.a(lib_a-memset.o)
                              d:/program files/ti/ccs920/ccs/tools/compiler/gcc-arm-none-eabi-7-2017-q4-major-win32/bin/../lib/gcc/arm-none-eabi/7.2.1/../../../../arm-none-eabi/lib/thumb/v7e-m/fpv4-sp/hard/crt0.o (memset)
d:/program files/ti/ccs920/ccs/tools/compiler/gcc-arm-none-eabi-7-2017-q4-major-win32/bin/../lib/gcc/arm-none-eabi/7.2.1/../../../../arm-none-eabi/lib/thumb/v7e-m/fpv4-sp/hard\libc.a(lib_a-sprintf.o)
                              ./FreeRTOS/tasks.o (sprintf)
d:/program files/ti/ccs920/ccs/tools/compiler/gcc-arm-none-eabi-7-2017-q4-major-win32/bin/../lib/gcc/arm-none-eabi/7.2.1/../../../../arm-none-eabi/lib/thumb/v7e-m/fpv4-sp/hard\libc.a(lib_a-strcmp.o)
                              ./tarefas.o (strcmp)
d:/program files/ti/ccs920/ccs/tools/compiler/gcc-arm-none-eabi-7-2017-q4-major-win32/bin/../lib/gcc/arm-none-eabi/7.2.1/../../../../arm-none-eabi/lib/thumb/v7e-m/fpv4-sp/hard\libc.a(lib_a-strcpy.o)
                              ./FreeRTOS/tasks.o (strcpy)
d:/program files/ti/ccs920/ccs/tools/compiler/gcc-arm-none-eabi-7-2017-q4-major-win32/bin/../lib/gcc/arm-none-eabi/7.2.1/../../../../arm-none-eabi/lib/thumb/v7e-m/fpv4-sp/hard\libc.a(lib_a-strlen.o)
                              ./tarefas.o (strlen)
d:/program files/ti/ccs920/ccs/tools/compiler/gcc-arm-none-eabi-7-2017-q4-major-win32/bin/../lib/gcc/arm-none-eabi/7.2.1/../../../../arm-none-eabi/lib/thumb/v7e-m/fpv4-sp/hard\libc.a(lib_a-strncmp.o)
                              ./FreeRTOS-PLUS-CLI/FreeRTOS_CLI.o (strncmp)
d:/program files/ti/ccs920/ccs/tools/compiler/gcc-arm-none-eabi-7-2017-q4-major-win32/bin/../lib/gcc/arm-none-eabi/7.2.1/../../../../arm-none-eabi/lib/thumb/v7e-m/fpv4-sp/hard\libc.a(lib_a-strncpy.o)
                              ./FreeRTOS-PLUS-CLI/FreeRTOS_CLI.o (strncpy)
d:/program files/ti/ccs920/ccs/tools/compiler/gcc-arm-none-eabi-7-2017-q4-major-win32/bin/../lib/gcc/arm-none-eabi/7.2.1/../../../../arm-none-eabi/lib/thumb/v7e-m/fpv4-sp/hard\libc.a(lib_a-svfprintf.o)
                              d:/program files/ti/ccs920/ccs/tools/compiler/gcc-arm-none-eabi-7-2017-q4-major-win32/bin/../lib/gcc/arm-none-eabi/7.2.1/../../../../arm-none-eabi/lib/thumb/v7e-m/fpv4-sp/hard\libc.a(lib_a-sprintf.o) (_svfprintf_r)
[...]
Memory Configuration

Name             Origin             Length             Attributes
FLASH            0x00000000         0x00100000         xr
SRAM             0x20000000         0x00040000         xw
*default*        0x00000000         0xffffffff

Linker script and memory map

LOAD d:/program files/ti/ccs920/ccs/tools/compiler/gcc-arm-none-eabi-7-2017-q4-major-win32/bin/../lib/gcc/arm-none-eabi/7.2.1/thumb/v7e-m/fpv4-sp/hard/crti.o
LOAD d:/program files/ti/ccs920/ccs/tools/compiler/gcc-arm-none-eabi-7-2017-q4-major-win32/bin/../lib/gcc/arm-none-eabi/7.2.1/thumb/v7e-m/fpv4-sp/hard/crtbegin.o
LOAD d:/program files/ti/ccs920/ccs/tools/compiler/gcc-arm-none-eabi-7-2017-q4-major-win32/bin/../lib/gcc/arm-none-eabi/7.2.1/../../../../arm-none-eabi/lib/thumb/v7e-m/fpv4-sp/hard/crt0.o
LOAD ./main.o
LOAD ./tarefas.o
LOAD ./tm4c1294ncpdt_startup_ccs_gcc.o
LOAD ./uart.o
LOAD ./FreeRTOS/croutine.o
LOAD ./FreeRTOS/event_groups.o
LOAD ./FreeRTOS/list.o
LOAD ./FreeRTOS/queue.o
LOAD ./FreeRTOS/stream_buffer.o
LOAD ./FreeRTOS/tasks.o
LOAD ./FreeRTOS/timers.o
LOAD ./FreeRTOS/portable/GCC/ARM_CM4F/port.o
LOAD ./FreeRTOS/portable/MemMang/heap_4.o
LOAD ./FreeRTOS-PLUS-CLI/FreeRTOS_CLI.o
LOAD ./FreeRTOS-Plus-IO/Common/FreeRTOS_DriverInterface.o
LOAD ./FreeRTOS-Plus-IO/Common/FreeRTOS_IOUtils.o
LOAD ./FreeRTOS-Plus-IO/Common/IOUtils_CharQueueTxAndRx.o
LOAD ./FreeRTOS-Plus-IO/Common/IOUtils_CircularBufferRx.o
LOAD ./FreeRTOS-Plus-IO/Common/IOUtils_ZeroCopyTx.o
LOAD ./FreeRTOS-Plus-IO/Device/TM4C1294/FreeRTOS_Tiva_DriverInterface.o
LOAD ./FreeRTOS-Plus-IO/Device/TM4C1294/FreeRTOS_Tiva_uart.o
                0x00000000                PROVIDE (_intvecs_base_address, 0x0)

.intvecs        0x00000000      0x208
 *(.intvecs)
 .intvecs       0x00000000      0x208 ./tm4c1294ncpdt_startup_ccs_gcc.o
                0x00000000                g_pfnVectors
                0x20000000                PROVIDE (_vtable_base_address, 0x20000000)

.vtable
 *(.vtable)

.text           0x00000240     0xc3cc
 CREATE_OBJECT_SYMBOLS
 *(.text)
 .text          0x00000240        0x0 d:/program files/ti/ccs920/ccs/tools/compiler/gcc-arm-none-eabi-7-2017-q4-major-win32/bin/../lib/gcc/arm-none-eabi/7.2.1/thumb/v7e-m/fpv4-sp/hard/crti.o
 .text          0x00000240       0x40 d:/program files/ti/ccs920/ccs/tools/compiler/gcc-arm-none-eabi-7-2017-q4-major-win32/bin/../lib/gcc/arm-none-eabi/7.2.1/thumb/v7e-m/fpv4-sp/hard/crtbegin.o
 .text          0x00000280       0x74 d:/program files/ti/ccs920/ccs/tools/compiler/gcc-arm-none-eabi-7-2017-q4-major-win32/bin/../lib/gcc/arm-none-eabi/7.2.1/../../../../arm-none-eabi/lib/thumb/v7e-m/fpv4-sp/hard/crt0.o
                0x00000280                _start
                0x00000280                _mainCRTStartup
 .text          0x000002f4        0x0 ./main.o
 .text          0x000002f4        0x0 ./tarefas.o
 .text          0x000002f4        0x0 ./tm4c1294ncpdt_startup_ccs_gcc.o
 .text          0x000002f4        0x0 ./uart.o
 .text          0x000002f4        0x0 ./FreeRTOS/croutine.o
 .text          0x000002f4        0x0 ./FreeRTOS/event_groups.o
 .text          0x000002f4        0x0 ./FreeRTOS/list.o
 .text          0x000002f4        0x0 ./FreeRTOS/queue.o
 .text          0x000002f4        0x0 ./FreeRTOS/stream_buffer.o
 .text          0x000002f4        0x0 ./FreeRTOS/tasks.o
 .text          0x000002f4        0x0 ./FreeRTOS/timers.o
 .text          0x000002f4        0x0 ./FreeRTOS/portable/GCC/ARM_CM4F/port.o
 .text          0x000002f4        0x0 ./FreeRTOS/portable/MemMang/heap_4.o
 .text          0x000002f4        0x0 ./FreeRTOS-PLUS-CLI/FreeRTOS_CLI.o
 .text          0x000002f4        0x0 ./FreeRTOS-Plus-IO/Common/FreeRTOS_DriverInterface.o
 .text          0x000002f4        0x0 ./FreeRTOS-Plus-IO/Common/FreeRTOS_IOUtils.o
 .text          0x000002f4        0x0 ./FreeRTOS-Plus-IO/Common/IOUtils_CharQueueTxAndRx.o
 .text          0x000002f4        0x0 ./FreeRTOS-Plus-IO/Common/IOUtils_CircularBufferRx.o
 .text          0x000002f4        0x0 ./FreeRTOS-Plus-IO/Common/IOUtils_ZeroCopyTx.o
 .text          0x000002f4        0x0 ./FreeRTOS-Plus-IO/Device/TM4C1294/FreeRTOS_Tiva_DriverInterface.o
 .text          0x000002f4        0x0 ./FreeRTOS-Plus-IO/Device/TM4C1294/FreeRTOS_Tiva_uart.o
 .text          0x000002f4        0x0 D:/Program Files/ti/TivaWare_C_Series-2.1.4.178/driverlib/gcc/libdriver.a(gpio.o)
 .text          0x000002f4        0x0 D:/Program Files/ti/TivaWare_C_Series-2.1.4.178/driverlib/gcc/libdriver.a(interrupt.o)
 .text          0x000002f4        0x0 D:/Program Files/ti/TivaWare_C_Series-2.1.4.178/driverlib/gcc/libdriver.a(sysctl.o)
 .text          0x000002f4        0x0 D:/Program Files/ti/TivaWare_C_Series-2.1.4.178/driverlib/gcc/libdriver.a(uart.o)
 .text          0x000002f4        0x0 D:/Program Files/ti/TivaWare_C_Series-2.1.4.178/driverlib/gcc/libdriver.a(cpu.o)
 .text          0x000002f4        0x0 d:/program files/ti/ccs920/ccs/tools/compiler/gcc-arm-none-eabi-7-2017-q4-major-win32/bin/../lib/gcc/arm-none-eabi/7.2.1/../../../../arm-none-eabi/lib/thumb/v7e-m/fpv4-sp/hard\libc.a(lib_a-exit.o)
 .text          0x000002f4        0x0 d:/program files/ti/ccs920/ccs/tools/compiler/gcc-arm-none-eabi-7-2017-q4-major-win32/bin/../lib/gcc/arm-none-eabi/7.2.1/../../../../arm-none-eabi/lib/thumb/v7e-m/fpv4-sp/hard\libc.a(lib_a-impure.o)
 .text          0x000002f4        0x0 d:/program files/ti/ccs920/ccs/tools/compiler/gcc-arm-none-eabi-7-2017-q4-major-win32/bin/../lib/gcc/arm-none-eabi/7.2.1/../../../../arm-none-eabi/lib/thumb/v7e-m/fpv4-sp/hard\libc.a(lib_a-init.o)
 .text          0x000002f4      0x134 d:/program files/ti/ccs920/ccs/tools/compiler/gcc-arm-none-eabi-7-2017-q4-major-win32/bin/../lib/gcc/arm-none-eabi/7.2.1/../../../../arm-none-eabi/lib/thumb/v7e-m/fpv4-sp/hard\libc.a(lib_a-memcpy.o)
                0x000002f4                memcpy
 .text          0x00000428        0x0 d:/program files/ti/ccs920/ccs/tools/compiler/gcc-arm-none-eabi-7-2017-q4-major-win32/bin/../lib/gcc/arm-none-eabi/7.2.1/../../../../arm-none-eabi/lib/thumb/v7e-m/fpv4-sp/hard\libc.a(lib_a-memset.o)
 .text          0x00000428        0x0 d:/program files/ti/ccs920/ccs/tools/compiler/gcc-arm-none-eabi-7-2017-q4-major-win32/bin/../lib/gcc/arm-none-eabi/7.2.1/../../../../arm-none-eabi/lib/thumb/v7e-m/fpv4-sp/hard\libc.a(lib_a-sprintf.o)
 *fill*         0x00000428       0x18 
 .text          0x00000440      0x2dc d:/program files/ti/ccs920/ccs/tools/compiler/gcc-arm-none-eabi-7-2017-q4-major-win32/bin/../lib/gcc/arm-none-eabi/7.2.1/../../../../arm-none-eabi/lib/thumb/v7e-m/fpv4-sp/hard\libc.a(lib_a-strcmp.o)
                0x00000448                strcmp
 .text          0x0000071c        0x0 d:/program files/ti/ccs920/ccs/tools/compiler/gcc-arm-none-eabi-7-2017-q4-major-win32/bin/../lib/gcc/arm-none-eabi/7.2.1/../../../../arm-none-eabi/lib/thumb/v7e-m/fpv4-sp/hard\libc.a(lib_a-strcpy.o)
 *fill*         0x0000071c       0x24 
 .text          0x00000740       0xdc d:/program files/ti/ccs920/ccs/tools/compiler/gcc-arm-none-eabi-7-2017-q4-major-win32/bin/../lib/gcc/arm-none-eabi/7.2.1/../../../../arm-none-eabi/lib/thumb/v7e-m/fpv4-sp/hard\libc.a(lib_a-strlen.o)
                0x00000740                strlen
 .text          0x0000081c        0x0 d:/program files/ti/ccs920/ccs/tools/compiler/gcc-arm-none-eabi-7-2017-q4-major-win32/bin/../lib/gcc/arm-none-eabi/7.2.1/../../../../arm-none-eabi/lib/thumb/v7e-m/fpv4-sp/hard\libc.a(lib_a-strncmp.o)
 .text          0x0000081c        0x0 d:/program files/ti/ccs920/ccs/tools/compiler/gcc-arm-none-eabi-7-2017-q4-major-win32/bin/../lib/gcc/arm-none-eabi/7.2.1/../../../../arm-none-eabi/lib/thumb/v7e-m/fpv4-sp/hard\libc.a(lib_a-strncpy.o)
 .text          0x0000081c        0x0 d:/program files/ti/ccs920/ccs/tools/compiler/gcc-arm-none-eabi-7-2017-q4-major-win32/bin/../lib/gcc/arm-none-eabi/7.2.1/../../../../arm-none-eabi/lib/thumb/v7e-m/fpv4-sp/hard\libc.a(lib_a-svfprintf.o)
 .text          0x0000081c        0x0 d:/program files/ti/ccs920/ccs/tools/compiler/gcc-arm-none-eabi-7-2017-q4-major-win32/bin/../lib/gcc/arm-none-eabi/7.2.1/../../../../arm-none-eabi/lib/thumb/v7e-m/fpv4-sp/hard\libc.a(lib_a-__call_atexit.o)
 .text          0x0000081c        0x0 d:/program files/ti/ccs920/ccs/tools/compiler/gcc-arm-none-eabi-7-2017-q4-major-win32/bin/../lib/gcc/arm-none-eabi/7.2.1/../../../../arm-none-eabi/lib/thumb/v7e-m/fpv4-sp/hard\libc.a(lib_a-atexit.o)
 .text          0x0000081c        0x0 d:/program files/ti/ccs920/ccs/tools/compiler/gcc-arm-none-eabi-7-2017-q4-major-win32/bin/../lib/gcc/arm-none-eabi/7.2.1/../../../../arm-none-eabi/lib/thumb/v7e-m/fpv4-sp/hard\libc.a(lib_a-dtoa.o)
 .text          0x0000081c        0x0 d:/program files/ti/ccs920/ccs/tools/compiler/gcc-arm-none-eabi-7-2017-q4-major-win32/bin/../lib/gcc/arm-none-eabi/7.2.1/../../../../arm-none-eabi/lib/thumb/v7e-m/fpv4-sp/hard\libc.a(lib_a-fini.o)
 .text          0x0000081c        0x0 d:/program files/ti/ccs920/ccs/tools/compiler/gcc-arm-none-eabi-7-2017-q4-major-win32/bin/../lib/gcc/arm-none-eabi/7.2.1/../../../../arm-none-eabi/lib/thumb/v7e-m/fpv4-sp/hard\libc.a(lib_a-localeconv.o)
 .text          0x0000081c        0x0 d:/program files/ti/ccs920/ccs/tools/compiler/gcc-arm-none-eabi-7-2017-q4-major-win32/bin/../lib/gcc/arm-none-eabi/7.2.1/../../../../arm-none-eabi/lib/thumb/v7e-m/fpv4-sp/hard\libc.a(lib_a-lock.o)
 .text          0x0000081c        0x0 d:/program files/ti/ccs920/ccs/tools/compiler/gcc-arm-none-eabi-7-2017-q4-major-win32/bin/../lib/gcc/arm-none-eabi/7.2.1/../../../../arm-none-eabi/lib/thumb/v7e-m/fpv4-sp/hard\libc.a(lib_a-mallocr.o)
 *fill*         0x0000081c        0x4 
 .text          0x00000820       0xa0 d:/program files/ti/ccs920/ccs/tools/compiler/gcc-arm-none-eabi-7-2017-q4-major-win32/bin/../lib/gcc/arm-none-eabi/7.2.1/../../../../arm-none-eabi/lib/thumb/v7e-m/fpv4-sp/hard\libc.a(lib_a-memchr.o)
                0x00000820                memchr
 .text          0x000008c0        0x0 d:/program files/ti/ccs920/ccs/tools/compiler/gcc-arm-none-eabi-7-2017-q4-major-win32/bin/../lib/gcc/arm-none-eabi/7.2.1/../../../../arm-none-eabi/lib/thumb/v7e-m/fpv4-sp/hard\libc.a(lib_a-mlock.o)
 .text          0x000008c0        0x0 d:/program files/ti/ccs920/ccs/tools/compiler/gcc-arm-none-eabi-7-2017-q4-major-win32/bin/../lib/gcc/arm-none-eabi/7.2.1/../../../../arm-none-eabi/lib/thumb/v7e-m/fpv4-sp/hard\libc.a(lib_a-mprec.o)
 .text          0x000008c0        0x0 d:/program files/ti/ccs920/ccs/tools/compiler/gcc-arm-none-eabi-7-2017-q4-major-win32/bin/../lib/gcc/arm-none-eabi/7.2.1/../../../../arm-none-eabi/lib/thumb/v7e-m/fpv4-sp/hard\libc.a(lib_a-sbrkr.o)
 .text          0x000008c0        0x0 d:/program files/ti/ccs920/ccs/tools/compiler/gcc-arm-none-eabi-7-2017-q4-major-win32/bin/../lib/gcc/arm-none-eabi/7.2.1/../../../../arm-none-eabi/lib/thumb/v7e-m/fpv4-sp/hard\libc.a(lib_a-svfiprintf.o)
 .text          0x000008c0        0x0 d:/program files/ti/ccs920/ccs/tools/compiler/gcc-arm-none-eabi-7-2017-q4-major-win32/bin/../lib/gcc/arm-none-eabi/7.2.1/../../../../arm-none-eabi/lib/thumb/v7e-m/fpv4-sp/hard\libc.a(lib_a-__atexit.o)
 .text          0x000008c0        0x0 d:/program files/ti/ccs920/ccs/tools/compiler/gcc-arm-none-eabi-7-2017-q4-major-win32/bin/../lib/gcc/arm-none-eabi/7.2.1/../../../../arm-none-eabi/lib/thumb/v7e-m/fpv4-sp/hard\libc.a(lib_a-callocr.o)
 .text          0x000008c0        0x0 d:/program files/ti/ccs920/ccs/tools/compiler/gcc-arm-none-eabi-7-2017-q4-major-win32/bin/../lib/gcc/arm-none-eabi/7.2.1/../../../../arm-none-eabi/lib/thumb/v7e-m/fpv4-sp/hard\libc.a(lib_a-freer.o)
 .text          0x000008c0        0x0 d:/program files/ti/ccs920/ccs/tools/compiler/gcc-arm-none-eabi-7-2017-q4-major-win32/bin/../lib/gcc/arm-none-eabi/7.2.1/../../../../arm-none-eabi/lib/thumb/v7e-m/fpv4-sp/hard\libc.a(lib_a-locale.o)
 .text          0x000008c0        0x0 d:/program files/ti/ccs920/ccs/tools/compiler/gcc-arm-none-eabi-7-2017-q4-major-win32/bin/../lib/gcc/arm-none-eabi/7.2.1/../../../../arm-none-eabi/lib/thumb/v7e-m/fpv4-sp/hard\libc.a(lib_a-mbtowc_r.o)
 .text          0x000008c0        0x0 d:/program files/ti/ccs920/ccs/tools/compiler/gcc-arm-none-eabi-7-2017-q4-major-win32/bin/../lib/gcc/arm-none-eabi/7.2.1/../../../../arm-none-eabi/lib/thumb/v7e-m/fpv4-sp/hard\libc.a(lib_a-memmove.o)
 .text          0x000008c0        0x0 d:/program files/ti/ccs920/ccs/tools/compiler/gcc-arm-none-eabi-7-2017-q4-major-win32/bin/../lib/gcc/arm-none-eabi/7.2.1/../../../../arm-none-eabi/lib/thumb/v7e-m/fpv4-sp/hard\libc.a(lib_a-reallocr.o)
 .text          0x000008c0        0x0 d:/program files/ti/ccs920/ccs/tools/compiler/gcc-arm-none-eabi-7-2017-q4-major-win32/bin/../lib/gcc/arm-none-eabi/7.2.1/../../../../arm-none-eabi/lib/thumb/v7e-m/fpv4-sp/hard\libc.a(lib_a-reent.o)
 .text          0x000008c0        0x0 d:/program files/ti/ccs920/ccs/tools/compiler/gcc-arm-none-eabi-7-2017-q4-major-win32/bin/../lib/gcc/arm-none-eabi/7.2.1/../../../../arm-none-eabi/lib/thumb/v7e-m/fpv4-sp/hard\libc.a(lib_a-wctomb_r.o)
 .text          0x000008c0        0x0 d:/program files/ti/ccs920/ccs/tools/compiler/gcc-arm-none-eabi-7-2017-q4-major-win32/bin/../lib/gcc/arm-none-eabi/7.2.1/../../../../arm-none-eabi/lib/thumb/v7e-m/fpv4-sp/hard\libc.a(lib_a-ctype_.o)
 .text          0x000008c0      0x378 d:/program files/ti/ccs920/ccs/tools/compiler/gcc-arm-none-eabi-7-2017-q4-major-win32/bin/../lib/gcc/arm-none-eabi/7.2.1/thumb/v7e-m/fpv4-sp/hard\libgcc.a(_arm_addsubdf3.o)
                0x000008c0                __aeabi_drsub
                0x000008c8                __aeabi_dsub
                0x000008c8                __subdf3
                0x000008cc                __aeabi_dadd
                0x000008cc                __adddf3
                0x00000b44                __floatunsidf
                0x00000b44                __aeabi_ui2d
                0x00000b64                __floatsidf
                0x00000b64                __aeabi_i2d
                0x00000b88                __aeabi_f2d
                0x00000b88                __extendsfdf2
                0x00000bcc                __floatundidf
                0x00000bcc                __aeabi_ul2d
                0x00000bdc                __floatdidf
                0x00000bdc                __aeabi_l2d
 .text          0x00000c38      0x424 d:/program files/ti/ccs920/ccs/tools/compiler/gcc-arm-none-eabi-7-2017-q4-major-win32/bin/../lib/gcc/arm-none-eabi/7.2.1/thumb/v7e-m/fpv4-sp/hard\libgcc.a(_arm_muldivdf3.o)
                0x00000c38                __aeabi_dmul
                0x00000c38                __muldf3
                0x00000e8c                __divdf3
                0x00000e8c                __aeabi_ddiv
 .text          0x0000105c      0x110 d:/program files/ti/ccs920/ccs/tools/compiler/gcc-arm-none-eabi-7-2017-q4-major-win32/bin/../lib/gcc/arm-none-eabi/7.2.1/thumb/v7e-m/fpv4-sp/hard\libgcc.a(_arm_cmpdf2.o)
                0x0000105c                __gtdf2
                0x0000105c                __gedf2
                0x00001064                __ltdf2
                0x00001064                __ledf2
                0x0000106c                __nedf2
                0x0000106c                __eqdf2
                0x0000106c                __cmpdf2
                0x000010e8                __aeabi_cdrcmple
                0x000010f8                __aeabi_cdcmpeq
                0x000010f8                __aeabi_cdcmple
                0x00001108                __aeabi_dcmpeq
                0x0000111c                __aeabi_dcmplt
                0x00001130                __aeabi_dcmple
                0x00001144                __aeabi_dcmpge
                0x00001158                __aeabi_dcmpgt
 .text          0x0000116c       0x2c d:/program files/ti/ccs920/ccs/tools/compiler/gcc-arm-none-eabi-7-2017-q4-major-win32/bin/../lib/gcc/arm-none-eabi/7.2.1/thumb/v7e-m/fpv4-sp/hard\libgcc.a(_arm_unorddf2.o)
                0x0000116c                __unorddf2
                0x0000116c                __aeabi_dcmpun
 .text          0x00001198       0x50 d:/program files/ti/ccs920/ccs/tools/compiler/gcc-arm-none-eabi-7-2017-q4-major-win32/bin/../lib/gcc/arm-none-eabi/7.2.1/thumb/v7e-m/fpv4-sp/hard\libgcc.a(_arm_fixdfsi.o)
                0x00001198                __aeabi_d2iz
                0x00001198                __fixdfsi
 .text          0x000011e8       0x30 d:/program files/ti/ccs920/ccs/tools/compiler/gcc-arm-none-eabi-7-2017-q4-major-win32/bin/../lib/gcc/arm-none-eabi/7.2.1/thumb/v7e-m/fpv4-sp/hard\libgcc.a(_aeabi_uldivmod.o)
                0x000011e8                __aeabi_uldivmod
 .text          0x00001218      0x2cc d:/program files/ti/ccs920/ccs/tools/compiler/gcc-arm-none-eabi-7-2017-q4-major-win32/bin/../lib/gcc/arm-none-eabi/7.2.1/thumb/v7e-m/fpv4-sp/hard\libgcc.a(_udivmoddi4.o)
                0x00001218                __udivmoddi4
 .text          0x000014e4        0x4 d:/program files/ti/ccs920/ccs/tools/compiler/gcc-arm-none-eabi-7-2017-q4-major-win32/bin/../lib/gcc/arm-none-eabi/7.2.1/thumb/v7e-m/fpv4-sp/hard\libgcc.a(_dvmd_tls.o)
                0x000014e4                __aeabi_idiv0
                0x000014e4                __aeabi_ldiv0
 .text          0x000014e8        0x0 d:/program files/ti/ccs920/ccs/tools/compiler/gcc-arm-none-eabi-7-2017-q4-major-win32/bin/../lib/gcc/arm-none-eabi/7.2.1/../../../../arm-none-eabi/lib/thumb/v7e-m/fpv4-sp/hard\libnosys.a(sbrk.o)
 .text          0x000014e8        0x0 d:/program files/ti/ccs920/ccs/tools/compiler/gcc-arm-none-eabi-7-2017-q4-major-win32/bin/../lib/gcc/arm-none-eabi/7.2.1/../../../../arm-none-eabi/lib/thumb/v7e-m/fpv4-sp/hard\libnosys.a(_exit.o)
 .text          0x000014e8        0x0 d:/program files/ti/ccs920/ccs/tools/compiler/gcc-arm-none-eabi-7-2017-q4-major-win32/bin/../lib/gcc/arm-none-eabi/7.2.1/thumb/v7e-m/fpv4-sp/hard/crtend.o
 .text          0x000014e8        0x0 d:/program files/ti/ccs920/ccs/tools/compiler/gcc-arm-none-eabi-7-2017-q4-major-win32/bin/../lib/gcc/arm-none-eabi/7.2.1/thumb/v7e-m/fpv4-sp/hard/crtn.o
 *(.text.*)
 .text.main     0x000014e8       0xb0 ./main.o
                0x000014e8                main
 .text.prvLEDOnOffCommand
                0x00001598       0x7c ./tarefas.o
 .text.prvTaskStatsCommand
                0x00001614       0x38 ./tarefas.o
 .text.exec     0x0000164c       0x40 ./tarefas.o
                0x0000164c                exec
 .text.execUart
                0x0000168c       0xa8 ./tarefas.o
                0x0000168c                execUart
 .text.vTerminalTask
                0x00001734       0xd0 ./tarefas.o
                0x00001734                vTerminalTask
 .text.vCommandConsoleTask
                0x00001804       0x98 ./tarefas.o
                0x00001804                vCommandConsoleTask
 .text.NmiSR    0x0000189c        0x2 ./tm4c1294ncpdt_startup_ccs_gcc.o
 .text.FaultISR
                0x0000189e        0x2 ./tm4c1294ncpdt_startup_ccs_gcc.o
 .text.IntDefaultHandler
                0x000018a0        0x2 ./tm4c1294ncpdt_startup_ccs_gcc.o
 *fill*         0x000018a2        0x2 
 .text.ResetISR
                0x000018a4       0x50 ./tm4c1294ncpdt_startup_ccs_gcc.o
                0x000018a4                ResetISR
 .text.UART_IRQHandler
                0x000018f4       0xa8 ./uart.o
                0x000018f4                UART_IRQHandler
 .text.vUartInit
                0x0000199c      0x100 ./uart.o
                0x0000199c                vUartInit
 .text.FreeRTOS_write
                0x00001a9c       0x34 ./uart.o
                0x00001a9c                FreeRTOS_write
 .text.UARTIntHandler
                0x00001ad0       0x84 ./uart.o
                0x00001ad0                UARTIntHandler
 .text.prvTestWaitCondition
                0x00001b54       0x1c ./FreeRTOS/event_groups.o
 .text.xEventGroupCreate
                0x00001b70       0x1a ./FreeRTOS/event_groups.o
                0x00001b70                xEventGroupCreate
 *fill*         0x00001b8a        0x2 
 .text.xEventGroupWaitBits
                0x00001b8c      0x10c ./FreeRTOS/event_groups.o
                0x00001b8c                xEventGroupWaitBits
 .text.xEventGroupClearBits
                0x00001c98       0x46 ./FreeRTOS/event_groups.o
                0x00001c98                xEventGroupClearBits
 .text.xEventGroupGetBitsFromISR
                0x00001cde       0x1c ./FreeRTOS/event_groups.o
                0x00001cde                xEventGroupGetBitsFromISR
 .text.xEventGroupSetBits
                0x00001cfa       0x8c ./FreeRTOS/event_groups.o
                0x00001cfa                xEventGroupSetBits
 *fill*         0x00001d86        0x2 
 .text.xEventGroupSync
                0x00001d88       0xd4 ./FreeRTOS/event_groups.o
                0x00001d88                xEventGroupSync
 .text.vEventGroupDelete
                0x00001e5c       0x3e ./FreeRTOS/event_groups.o
                0x00001e5c                vEventGroupDelete
 .text.vEventGroupSetBitsCallback
                0x00001e9a        0x8 ./FreeRTOS/event_groups.o
                0x00001e9a                vEventGroupSetBitsCallback
 .text.vEventGroupClearBitsCallback
                0x00001ea2        0x8 ./FreeRTOS/event_groups.o
                0x00001ea2                vEventGroupClearBitsCallback
 .text.uxEventGroupGetNumber
                0x00001eaa        0xa ./FreeRTOS/event_groups.o
                0x00001eaa                uxEventGroupGetNumber
 .text.vEventGroupSetNumber
                0x00001eb4        0x4 ./FreeRTOS/event_groups.o
                0x00001eb4                vEventGroupSetNumber
 .text.vListInitialise
                0x00001eb8       0x16 ./FreeRTOS/list.o
                0x00001eb8                vListInitialise
 .text.vListInitialiseItem
                0x00001ece        0x6 ./FreeRTOS/list.o
                0x00001ece                vListInitialiseItem
 .text.vListInsertEnd
                0x00001ed4       0x18 ./FreeRTOS/list.o
                0x00001ed4                vListInsertEnd
 .text.vListInsert
                0x00001eec       0x34 ./FreeRTOS/list.o
                0x00001eec                vListInsert
 .text.uxListRemove
                0x00001f20       0x28 ./FreeRTOS/list.o
                0x00001f20                uxListRemove
 .text.prvGetDisinheritPriorityAfterTimeout
                0x00001f48       0x12 ./FreeRTOS/queue.o
 .text.prvIsQueueFull
                0x00001f5a       0x1e ./FreeRTOS/queue.o
 .text.prvIsQueueEmpty
                0x00001f78       0x1a ./FreeRTOS/queue.o
 .text.prvCopyDataToQueue
                0x00001f92       0x76 ./FreeRTOS/queue.o
 .text.prvCopyDataFromQueue
                0x00002008       0x24 ./FreeRTOS/queue.o
 .text.prvUnlockQueue
                0x0000202c       0x6e ./FreeRTOS/queue.o
 *fill*         0x0000209a        0x2 
 .text.xQueueGenericReset
                0x0000209c       0x84 ./FreeRTOS/queue.o
                0x0000209c                xQueueGenericReset
 .text.prvInitialiseNewQueue
                0x00002120       0x22 ./FreeRTOS/queue.o
 .text.xQueueGenericCreate
                0x00002142       0x48 ./FreeRTOS/queue.o
                0x00002142                xQueueGenericCreate
 .text.xQueueCreateCountingSemaphore
                0x0000218a       0x40 ./FreeRTOS/queue.o
                0x0000218a                xQueueCreateCountingSemaphore
 *fill*         0x000021ca        0x2 
 .text.xQueueGenericSend
                0x000021cc      0x17c ./FreeRTOS/queue.o
                0x000021cc                xQueueGenericSend
 .text.prvInitialiseMutex
                0x00002348       0x18 ./FreeRTOS/queue.o
 .text.xQueueCreateMutex
                0x00002360       0x16 ./FreeRTOS/queue.o
                0x00002360                xQueueCreateMutex
 .text.xQueueGiveMutexRecursive
                0x00002376       0x40 ./FreeRTOS/queue.o
                0x00002376                xQueueGiveMutexRecursive
 .text.xQueueGenericSendFromISR
                0x000023b6       0xcc ./FreeRTOS/queue.o
                0x000023b6                xQueueGenericSendFromISR
 .text.xQueueGiveFromISR
                0x00002482       0xb2 ./FreeRTOS/queue.o
                0x00002482                xQueueGiveFromISR
 .text.xQueueReceive
                0x00002534      0x158 ./FreeRTOS/queue.o
                0x00002534                xQueueReceive
 .text.xQueueSemaphoreTake
                0x0000268c      0x19c ./FreeRTOS/queue.o
                0x0000268c                xQueueSemaphoreTake
 .text.xQueueTakeMutexRecursive
                0x00002828       0x44 ./FreeRTOS/queue.o
                0x00002828                xQueueTakeMutexRecursive
 .text.xQueuePeek
                0x0000286c      0x158 ./FreeRTOS/queue.o
                0x0000286c                xQueuePeek
 .text.xQueueReceiveFromISR
                0x000029c4       0xaa ./FreeRTOS/queue.o
                0x000029c4                xQueueReceiveFromISR
 .text.xQueuePeekFromISR
                0x00002a6e       0x7c ./FreeRTOS/queue.o
                0x00002a6e                xQueuePeekFromISR
 .text.uxQueueMessagesWaiting
                0x00002aea       0x26 ./FreeRTOS/queue.o
                0x00002aea                uxQueueMessagesWaiting
 .text.uxQueueSpacesAvailable
                0x00002b10       0x2a ./FreeRTOS/queue.o
                0x00002b10                uxQueueSpacesAvailable
 .text.uxQueueMessagesWaitingFromISR
                0x00002b3a       0x18 ./FreeRTOS/queue.o
                0x00002b3a                uxQueueMessagesWaitingFromISR
 .text.uxQueueGetQueueNumber
                0x00002b52        0x4 ./FreeRTOS/queue.o
                0x00002b52                uxQueueGetQueueNumber
 .text.vQueueSetQueueNumber
                0x00002b56        0x4 ./FreeRTOS/queue.o
                0x00002b56                vQueueSetQueueNumber
 .text.ucQueueGetQueueType
                0x00002b5a        0x6 ./FreeRTOS/queue.o
                0x00002b5a                ucQueueGetQueueType
 .text.xQueueIsQueueEmptyFromISR
                0x00002b60       0x20 ./FreeRTOS/queue.o
                0x00002b60                xQueueIsQueueEmptyFromISR
 .text.xQueueIsQueueFullFromISR
                0x00002b80       0x24 ./FreeRTOS/queue.o
                0x00002b80                xQueueIsQueueFullFromISR
 .text.vQueueAddToRegistry
                0x00002ba4       0x28 ./FreeRTOS/queue.o
                0x00002ba4                vQueueAddToRegistry
 .text.pcQueueGetName
                0x00002bcc       0x28 ./FreeRTOS/queue.o
                0x00002bcc                pcQueueGetName
 .text.vQueueUnregisterQueue
                0x00002bf4       0x2c ./FreeRTOS/queue.o
                0x00002bf4                vQueueUnregisterQueue
 .text.vQueueDelete
                0x00002c20       0x24 ./FreeRTOS/queue.o
                0x00002c20                vQueueDelete
 .text.vQueueWaitForMessageRestricted
                0x00002c44       0x52 ./FreeRTOS/queue.o
                0x00002c44                vQueueWaitForMessageRestricted
 .text.prvBytesInBuffer
                0x00002c96       0x12 ./FreeRTOS/stream_buffer.o
 .text.prvInitialiseNewStreamBuffer
                0x00002ca8       0x40 ./FreeRTOS/stream_buffer.o
 .text.prvWriteBytesToBuffer
                0x00002ce8       0x8c ./FreeRTOS/stream_buffer.o
 .text.prvWriteMessageToBuffer
                0x00002d74       0x48 ./FreeRTOS/stream_buffer.o
 .text.prvReadBytesFromBuffer
                0x00002dbc       0x96 ./FreeRTOS/stream_buffer.o
 .text.prvReadMessageFromBuffer
                0x00002e52       0x44 ./FreeRTOS/stream_buffer.o
 .text.xStreamBufferGenericCreate
                0x00002e96       0x74 ./FreeRTOS/stream_buffer.o
                0x00002e96                xStreamBufferGenericCreate
 .text.vStreamBufferDelete
                0x00002f0a       0x2e ./FreeRTOS/stream_buffer.o
                0x00002f0a                vStreamBufferDelete
 .text.xStreamBufferReset
                0x00002f38       0x4e ./FreeRTOS/stream_buffer.o
                0x00002f38                xStreamBufferReset
 .text.xStreamBufferSetTriggerLevel
                0x00002f86       0x2a ./FreeRTOS/stream_buffer.o
                0x00002f86                xStreamBufferSetTriggerLevel
 .text.xStreamBufferSpacesAvailable
                0x00002fb0       0x2a ./FreeRTOS/stream_buffer.o
                0x00002fb0                xStreamBufferSpacesAvailable
 .text.xStreamBufferBytesAvailable
                0x00002fda       0x1c ./FreeRTOS/stream_buffer.o
                0x00002fda                xStreamBufferBytesAvailable
 .text.xStreamBufferSend
                0x00002ff6      0x10e ./FreeRTOS/stream_buffer.o
                0x00002ff6                xStreamBufferSend
 .text.xStreamBufferSendFromISR
                0x00003104       0xa0 ./FreeRTOS/stream_buffer.o
                0x00003104                xStreamBufferSendFromISR
 .text.xStreamBufferReceive
                0x000031a4       0xe0 ./FreeRTOS/stream_buffer.o
                0x000031a4                xStreamBufferReceive
 .text.xStreamBufferNextMessageLengthBytes
                0x00003284       0x5a ./FreeRTOS/stream_buffer.o
                0x00003284                xStreamBufferNextMessageLengthBytes
 .text.xStreamBufferReceiveFromISR
                0x000032de       0x9a ./FreeRTOS/stream_buffer.o
                0x000032de                xStreamBufferReceiveFromISR
 .text.xStreamBufferIsEmpty
                0x00003378       0x24 ./FreeRTOS/stream_buffer.o
                0x00003378                xStreamBufferIsEmpty
 .text.xStreamBufferIsFull
                0x0000339c       0x38 ./FreeRTOS/stream_buffer.o
                0x0000339c                xStreamBufferIsFull
 .text.xStreamBufferSendCompletedFromISR
                0x000033d4       0x52 ./FreeRTOS/stream_buffer.o
                0x000033d4                xStreamBufferSendCompletedFromISR
 .text.xStreamBufferReceiveCompletedFromISR
                0x00003426       0x52 ./FreeRTOS/stream_buffer.o
                0x00003426                xStreamBufferReceiveCompletedFromISR
 .text.uxStreamBufferGetStreamBufferNumber
                0x00003478        0x4 ./FreeRTOS/stream_buffer.o
                0x00003478                uxStreamBufferGetStreamBufferNumber
 .text.vStreamBufferSetStreamBufferNumber
                0x0000347c        0x4 ./FreeRTOS/stream_buffer.o
                0x0000347c                vStreamBufferSetStreamBufferNumber
 .text.ucStreamBufferGetStreamBufferType
                0x00003480        0x8 ./FreeRTOS/stream_buffer.o
                0x00003480                ucStreamBufferGetStreamBufferType
 .text.prvTaskIsTaskSuspended
                0x00003488       0x40 ./FreeRTOS/tasks.o
 .text.prvTaskCheckFreeStackSpace
                0x000034c8       0x14 ./FreeRTOS/tasks.o
 .text.prvResetNextTaskUnblockTime
                0x000034dc       0x2c ./FreeRTOS/tasks.o
 .text.prvDeleteTCB
                0x00003508       0x12 ./FreeRTOS/tasks.o
 .text.prvInitialiseNewTask
                0x0000351a       0x9a ./FreeRTOS/tasks.o
 .text.prvInitialiseTaskLists
                0x000035b4       0x68 ./FreeRTOS/tasks.o
 .text.prvAddNewTaskToReadyList
                0x0000361c       0xac ./FreeRTOS/tasks.o
 .text.prvCheckTasksWaitingTermination
                0x000036c8       0x4c ./FreeRTOS/tasks.o
 .text.prvIdleTask
                0x00003714       0x28 ./FreeRTOS/tasks.o
 .text.prvAddCurrentTaskToDelayedList
                0x0000373c       0x98 ./FreeRTOS/tasks.o
 .text.prvWriteNameToBuffer
                0x000037d4       0x22 ./FreeRTOS/tasks.o
 .text.xTaskCreate
                0x000037f6       0x62 ./FreeRTOS/tasks.o
                0x000037f6                xTaskCreate
 .text.vTaskDelete
                0x00003858       0xe0 ./FreeRTOS/tasks.o
                0x00003858                vTaskDelete
 .text.eTaskGetState
                0x00003938       0x90 ./FreeRTOS/tasks.o
                0x00003938                eTaskGetState
 .text.uxTaskPriorityGet
                0x000039c8       0x20 ./FreeRTOS/tasks.o
                0x000039c8                uxTaskPriorityGet
 .text.uxTaskPriorityGetFromISR
                0x000039e8       0x30 ./FreeRTOS/tasks.o
                0x000039e8                uxTaskPriorityGetFromISR
 .text.vTaskPrioritySet
                0x00003a18       0xdc ./FreeRTOS/tasks.o
                0x00003a18                vTaskPrioritySet
 .text.vTaskResume
                0x00003af4       0x84 ./FreeRTOS/tasks.o
                0x00003af4                vTaskResume
 .text.xTaskResumeFromISR
                0x00003b78       0xa4 ./FreeRTOS/tasks.o
                0x00003b78                xTaskResumeFromISR
 .text.vTaskStartScheduler
                0x00003c1c       0x88 ./FreeRTOS/tasks.o
                0x00003c1c                vTaskStartScheduler
 .text.vTaskEndScheduler
                0x00003ca4       0x24 ./FreeRTOS/tasks.o
                0x00003ca4                vTaskEndScheduler
 .text.vTaskSuspendAll
                0x00003cc8       0x10 ./FreeRTOS/tasks.o
                0x00003cc8                vTaskSuspendAll
 .text.xTaskGetTickCount
                0x00003cd8        0xc ./FreeRTOS/tasks.o
                0x00003cd8                xTaskGetTickCount
 .text.xTaskGetTickCountFromISR
                0x00003ce4       0x10 ./FreeRTOS/tasks.o
                0x00003ce4                xTaskGetTickCountFromISR
 .text.uxTaskGetNumberOfTasks
                0x00003cf4        0xc ./FreeRTOS/tasks.o
                0x00003cf4                uxTaskGetNumberOfTasks
 .text.pcTaskGetName
                0x00003d00       0x28 ./FreeRTOS/tasks.o
                0x00003d00                pcTaskGetName
 .text.xTaskIncrementTick
                0x00003d28      0x118 ./FreeRTOS/tasks.o
                0x00003d28                xTaskIncrementTick
 .text.xTaskResumeAll
                0x00003e40       0xf4 ./FreeRTOS/tasks.o
                0x00003e40                xTaskResumeAll
 .text.vTaskDelayUntil
                0x00003f34       0xa4 ./FreeRTOS/tasks.o
                0x00003f34                vTaskDelayUntil
 .text.vTaskDelay
                0x00003fd8       0x4c ./FreeRTOS/tasks.o
                0x00003fd8                vTaskDelay
 .text.vTaskSwitchContext
                0x00004024       0x98 ./FreeRTOS/tasks.o
                0x00004024                vTaskSwitchContext
 .text.vTaskSuspend
                0x000040bc       0xec ./FreeRTOS/tasks.o
                0x000040bc                vTaskSuspend
 .text.vTaskPlaceOnEventList
                0x000041a8       0x30 ./FreeRTOS/tasks.o
                0x000041a8                vTaskPlaceOnEventList
 .text.vTaskPlaceOnUnorderedEventList
                0x000041d8       0x5c ./FreeRTOS/tasks.o
                0x000041d8                vTaskPlaceOnUnorderedEventList
 .text.vTaskPlaceOnEventListRestricted
                0x00004234       0x38 ./FreeRTOS/tasks.o
                0x00004234                vTaskPlaceOnEventListRestricted
 .text.xTaskRemoveFromEventList
                0x0000426c       0x8c ./FreeRTOS/tasks.o
                0x0000426c                xTaskRemoveFromEventList
 .text.vTaskRemoveFromUnorderedEventList
                0x000042f8       0x88 ./FreeRTOS/tasks.o
                0x000042f8                vTaskRemoveFromUnorderedEventList
 .text.vTaskSetTimeOutState
                0x00004380       0x38 ./FreeRTOS/tasks.o
                0x00004380                vTaskSetTimeOutState
 .text.vTaskInternalSetTimeOutState
                0x000043b8       0x18 ./FreeRTOS/tasks.o
                0x000043b8                vTaskInternalSetTimeOutState
 .text.xTaskCheckForTimeOut
                0x000043d0       0x80 ./FreeRTOS/tasks.o
                0x000043d0                xTaskCheckForTimeOut
 .text.vTaskMissedYield
                0x00004450        0xc ./FreeRTOS/tasks.o
                0x00004450                vTaskMissedYield
 .text.uxTaskGetTaskNumber
                0x0000445c        0xa ./FreeRTOS/tasks.o
                0x0000445c                uxTaskGetTaskNumber
 .text.vTaskSetTaskNumber
                0x00004466        0x6 ./FreeRTOS/tasks.o
                0x00004466                vTaskSetTaskNumber
 .text.vTaskGetInfo
                0x0000446c       0x78 ./FreeRTOS/tasks.o
                0x0000446c                vTaskGetInfo
 .text.prvListTasksWithinSingleList
                0x000044e4       0x60 ./FreeRTOS/tasks.o
 .text.uxTaskGetSystemState
                0x00004544       0xb0 ./FreeRTOS/tasks.o
                0x00004544                uxTaskGetSystemState
 .text.xTaskGetCurrentTaskHandle
                0x000045f4        0xc ./FreeRTOS/tasks.o
                0x000045f4                xTaskGetCurrentTaskHandle
 .text.xTaskGetSchedulerState
                0x00004600       0x20 ./FreeRTOS/tasks.o
                0x00004600                xTaskGetSchedulerState
 .text.xTaskPriorityInherit
                0x00004620       0xb8 ./FreeRTOS/tasks.o
                0x00004620                xTaskPriorityInherit
 .text.xTaskPriorityDisinherit
                0x000046d8       0xb0 ./FreeRTOS/tasks.o
                0x000046d8                xTaskPriorityDisinherit
 .text.vTaskPriorityDisinheritAfterTimeout
                0x00004788       0xc0 ./FreeRTOS/tasks.o
                0x00004788                vTaskPriorityDisinheritAfterTimeout
 .text.vTaskList
                0x00004848       0xb8 ./FreeRTOS/tasks.o
                0x00004848                vTaskList
 .text.uxTaskResetEventItemValue
                0x00004900       0x18 ./FreeRTOS/tasks.o
                0x00004900                uxTaskResetEventItemValue
 .text.pvTaskIncrementMutexHeldCount
                0x00004918       0x1c ./FreeRTOS/tasks.o
                0x00004918                pvTaskIncrementMutexHeldCount
 .text.ulTaskNotifyTake
                0x00004934       0x78 ./FreeRTOS/tasks.o
                0x00004934                ulTaskNotifyTake
 .text.xTaskNotifyWait
                0x000049ac       0x98 ./FreeRTOS/tasks.o
                0x000049ac                xTaskNotifyWait
 .text.xTaskGenericNotify
                0x00004a44      0x100 ./FreeRTOS/tasks.o
                0x00004a44                xTaskGenericNotify
 .text.xTaskGenericNotifyFromISR
                0x00004b44      0x138 ./FreeRTOS/tasks.o
                0x00004b44                xTaskGenericNotifyFromISR
 .text.vTaskNotifyGiveFromISR
                0x00004c7c       0xcc ./FreeRTOS/tasks.o
                0x00004c7c                vTaskNotifyGiveFromISR
 .text.xTaskNotifyStateClear
                0x00004d48       0x34 ./FreeRTOS/tasks.o
                0x00004d48                xTaskNotifyStateClear
 .text.prvGetNextExpireTime
                0x00004d7c       0x20 ./FreeRTOS/timers.o
 .text.prvInsertTimerInActiveList
                0x00004d9c       0x48 ./FreeRTOS/timers.o
 .text.prvCheckForValidListAndQueue
                0x00004de4       0x5c ./FreeRTOS/timers.o
 .text.prvInitialiseNewTimer
                0x00004e40       0x4c ./FreeRTOS/timers.o
 .text.xTimerCreateTimerTask
                0x00004e8c       0x50 ./FreeRTOS/timers.o
                0x00004e8c                xTimerCreateTimerTask
 .text.xTimerCreate
                0x00004edc       0x38 ./FreeRTOS/timers.o
                0x00004edc                xTimerCreate
 .text.xTimerGenericCommand
                0x00004f14       0x6c ./FreeRTOS/timers.o
                0x00004f14                xTimerGenericCommand
 .text.prvSwitchTimerLists
                0x00004f80       0x7c ./FreeRTOS/timers.o
 .text.prvSampleTimeNow
                0x00004ffc       0x2c ./FreeRTOS/timers.o
 .text.prvProcessExpiredTimer
                0x00005028       0x6c ./FreeRTOS/timers.o
 .text.prvProcessTimerOrBlockTask
                0x00005094       0x74 ./FreeRTOS/timers.o
 .text.prvProcessReceivedCommands
                0x00005108       0xfc ./FreeRTOS/timers.o
 .text.prvTimerTask
                0x00005204       0x16 ./FreeRTOS/timers.o
 *fill*         0x0000521a        0x2 
 .text.xTimerGetTimerDaemonTaskHandle
                0x0000521c       0x20 ./FreeRTOS/timers.o
                0x0000521c                xTimerGetTimerDaemonTaskHandle
 .text.xTimerGetPeriod
                0x0000523c       0x18 ./FreeRTOS/timers.o
                0x0000523c                xTimerGetPeriod
 .text.vTimerSetReloadMode
                0x00005254       0x40 ./FreeRTOS/timers.o
                0x00005254                vTimerSetReloadMode
 .text.xTimerGetExpiryTime
                0x00005294       0x18 ./FreeRTOS/timers.o
                0x00005294                xTimerGetExpiryTime
 .text.pcTimerGetName
                0x000052ac       0x18 ./FreeRTOS/timers.o
                0x000052ac                pcTimerGetName
 .text.xTimerIsTimerActive
                0x000052c4       0x34 ./FreeRTOS/timers.o
                0x000052c4                xTimerIsTimerActive
 .text.pvTimerGetTimerID
                0x000052f8       0x26 ./FreeRTOS/timers.o
                0x000052f8                pvTimerGetTimerID
 .text.vTimerSetTimerID
                0x0000531e       0x26 ./FreeRTOS/timers.o
                0x0000531e                vTimerSetTimerID
 .text.uxTimerGetTimerNumber
                0x00005344        0x4 ./FreeRTOS/timers.o
                0x00005344                uxTimerGetTimerNumber
 .text.vTimerSetTimerNumber
                0x00005348        0x4 ./FreeRTOS/timers.o
                0x00005348                vTimerSetTimerNumber
 .text.prvTaskExitError
                0x0000534c       0x40 ./FreeRTOS/portable/GCC/ARM_CM4F/port.o
 .text.prvPortStartFirstTask
                0x0000538c       0x28 ./FreeRTOS/portable/GCC/ARM_CM4F/port.o
 .text.vPortEnableVFP
                0x000053b4       0x14 ./FreeRTOS/portable/GCC/ARM_CM4F/port.o
 .text.pxPortInitialiseStack
                0x000053c8       0x2c ./FreeRTOS/portable/GCC/ARM_CM4F/port.o
                0x000053c8                pxPortInitialiseStack
 *fill*         0x000053f4        0xc 
 .text.vPortSVCHandler
                0x00005400       0x24 ./FreeRTOS/portable/GCC/ARM_CM4F/port.o
                0x00005400                vPortSVCHandler
 .text.vPortEndScheduler
                0x00005424       0x24 ./FreeRTOS/portable/GCC/ARM_CM4F/port.o
                0x00005424                vPortEndScheduler
 .text.vPortEnterCritical
                0x00005448       0x44 ./FreeRTOS/portable/GCC/ARM_CM4F/port.o
                0x00005448                vPortEnterCritical
 .text.vPortExitCritical
                0x0000548c       0x2c ./FreeRTOS/portable/GCC/ARM_CM4F/port.o
                0x0000548c                vPortExitCritical
 *fill*         0x000054b8        0x8 
 .text.xPortPendSVHandler
                0x000054c0       0x64 ./FreeRTOS/portable/GCC/ARM_CM4F/port.o
                0x000054c0                xPortPendSVHandler
 .text.xPortSysTickHandler
                0x00005524       0x2c ./FreeRTOS/portable/GCC/ARM_CM4F/port.o
                0x00005524                xPortSysTickHandler
 .text.vPortSetupTimerInterrupt
                0x00005550       0x28 ./FreeRTOS/portable/GCC/ARM_CM4F/port.o
                0x00005550                vPortSetupTimerInterrupt
 .text.xPortStartScheduler
                0x00005578      0x110 ./FreeRTOS/portable/GCC/ARM_CM4F/port.o
                0x00005578                xPortStartScheduler
 .text.vPortValidateInterruptPriority
                0x00005688       0x5c ./FreeRTOS/portable/GCC/ARM_CM4F/port.o
                0x00005688                vPortValidateInterruptPriority
 .text.prvHeapInit
                0x000056e4       0x64 ./FreeRTOS/portable/MemMang/heap_4.o
 .text.prvInsertBlockIntoFreeList
                0x00005748       0x58 ./FreeRTOS/portable/MemMang/heap_4.o
 .text.pvPortMalloc
                0x000057a0      0x108 ./FreeRTOS/portable/MemMang/heap_4.o
                0x000057a0                pvPortMalloc
 .text.vPortFree
                0x000058a8       0x70 ./FreeRTOS/portable/MemMang/heap_4.o
                0x000058a8                vPortFree
 .text.xPortGetFreeHeapSize
                0x00005918        0xc ./FreeRTOS/portable/MemMang/heap_4.o
                0x00005918                xPortGetFreeHeapSize
 .text.xPortGetMinimumEverFreeHeapSize
                0x00005924        0xc ./FreeRTOS/portable/MemMang/heap_4.o
                0x00005924                xPortGetMinimumEverFreeHeapSize
 .text.vPortInitialiseBlocks
                0x00005930        0x2 ./FreeRTOS/portable/MemMang/heap_4.o
                0x00005930                vPortInitialiseBlocks
 .text.prvGetNumberOfParameters
                0x00005932       0x28 ./FreeRTOS-PLUS-CLI/FreeRTOS_CLI.o
 *fill*         0x0000595a        0x2 
 .text.prvHelpCommand
                0x0000595c       0x34 ./FreeRTOS-PLUS-CLI/FreeRTOS_CLI.o
 .text.FreeRTOS_CLIRegisterCommand
                0x00005990       0x54 ./FreeRTOS-PLUS-CLI/FreeRTOS_CLI.o
                0x00005990                FreeRTOS_CLIRegisterCommand
 .text.FreeRTOS_CLIProcessCommand
                0x000059e4       0xc4 ./FreeRTOS-PLUS-CLI/FreeRTOS_CLI.o
                0x000059e4                FreeRTOS_CLIProcessCommand
 .text.FreeRTOS_CLIGetOutputBuffer
                0x00005aa8        0x8 ./FreeRTOS-PLUS-CLI/FreeRTOS_CLI.o
                0x00005aa8                FreeRTOS_CLIGetOutputBuffer
 .text.FreeRTOS_CLIGetParameter
                0x00005ab0       0x52 ./FreeRTOS-PLUS-CLI/FreeRTOS_CLI.o
                0x00005ab0                FreeRTOS_CLIGetParameter
 *fill*         0x00005b02        0x2 
 .text.FreeRTOS_open
                0x00005b04       0x8c ./FreeRTOS-Plus-IO/Common/FreeRTOS_DriverInterface.o
                0x00005b04                FreeRTOS_open
 .text.FreeRTOS_ioctl
                0x00005b90      0x116 ./FreeRTOS-Plus-IO/Common/FreeRTOS_DriverInterface.o
                0x00005b90                FreeRTOS_ioctl
 .text.vIOUtilsCreateTransferControlStructure
                0x00005ca6       0x64 ./FreeRTOS-Plus-IO/Common/FreeRTOS_IOUtils.o
                0x00005ca6                vIOUtilsCreateTransferControlStructure
 .text.xIOUtilsSetTxQueueTimeout
                0x00005d0a        0x8 ./FreeRTOS-Plus-IO/Common/IOUtils_CharQueueTxAndRx.o
                0x00005d0a                xIOUtilsSetTxQueueTimeout
 .text.vIOUtilsSetRxQueueTimeout
                0x00005d12        0x8 ./FreeRTOS-Plus-IO/Common/IOUtils_CharQueueTxAndRx.o
                0x00005d12                vIOUtilsSetRxQueueTimeout
 .text.xIOUtilsConfigureTransferQueue
                0x00005d1a       0x7c ./FreeRTOS-Plus-IO/Common/IOUtils_CharQueueTxAndRx.o
                0x00005d1a                xIOUtilsConfigureTransferQueue
 .text.xIOUtilsReceiveCharsFromRxQueue
                0x00005d96       0x40 ./FreeRTOS-Plus-IO/Common/IOUtils_CharQueueTxAndRx.o
                0x00005d96                xIOUtilsReceiveCharsFromRxQueue
 .text.xIOUtilsSendCharsToTxQueue
                0x00005dd6       0x46 ./FreeRTOS-Plus-IO/Common/IOUtils_CharQueueTxAndRx.o
                0x00005dd6                xIOUtilsSendCharsToTxQueue
 .text.xIOUtilsWaitTxQueueEmpty
                0x00005e1c       0x42 ./FreeRTOS-Plus-IO/Common/IOUtils_CharQueueTxAndRx.o
                0x00005e1c                xIOUtilsWaitTxQueueEmpty
 .text.xIOUtilsClearRxCharQueue
                0x00005e5e       0x24 ./FreeRTOS-Plus-IO/Common/IOUtils_CharQueueTxAndRx.o
                0x00005e5e                xIOUtilsClearRxCharQueue
 .text.xIOUtilsConfigureCircularBufferRx
                0x00005e82       0x96 ./FreeRTOS-Plus-IO/Common/IOUtils_CircularBufferRx.o
                0x00005e82                xIOUtilsConfigureCircularBufferRx
 .text.vIOUtilsClearRxCircularBuffer
                0x00005f18       0x18 ./FreeRTOS-Plus-IO/Common/IOUtils_CircularBufferRx.o
                0x00005f18                vIOUtilsClearRxCircularBuffer
 .text.xIOUtilsReadCharsFromCircularBuffer
                0x00005f30       0x96 ./FreeRTOS-Plus-IO/Common/IOUtils_CircularBufferRx.o
                0x00005f30                xIOUtilsReadCharsFromCircularBuffer
 .text.vIOUtilsSetCircularBufferTimeout
                0x00005fc6        0x8 ./FreeRTOS-Plus-IO/Common/IOUtils_CircularBufferRx.o
                0x00005fc6                vIOUtilsSetCircularBufferTimeout
 .text.xIOUtilsConfigureZeroCopyTx
                0x00005fce       0x64 ./FreeRTOS-Plus-IO/Common/IOUtils_ZeroCopyTx.o
                0x00005fce                xIOUtilsConfigureZeroCopyTx
 .text.xIOUtilsGetZeroCopyWriteMutex
                0x00006032       0x40 ./FreeRTOS-Plus-IO/Common/IOUtils_ZeroCopyTx.o
                0x00006032                xIOUtilsGetZeroCopyWriteMutex
 .text.xIOUtilsReleaseZeroCopyWriteMutex
                0x00006072       0x28 ./FreeRTOS-Plus-IO/Common/IOUtils_ZeroCopyTx.o
                0x00006072                xIOUtilsReleaseZeroCopyWriteMutex
 .text.vFreeRTOS_Tiva_PopulateFunctionPointers
                0x0000609a       0x26 ./FreeRTOS-Plus-IO/Device/TM4C1294/FreeRTOS_Tiva_DriverInterface.o
                0x0000609a                vFreeRTOS_Tiva_PopulateFunctionPointers
 .text.FreeRTOS_UART_ioctl
                0x000060c0        0x4 ./FreeRTOS-Plus-IO/Device/TM4C1294/FreeRTOS_Tiva_uart.o
                0x000060c0                FreeRTOS_UART_ioctl
 .text.FreeRTOS_UART_read
                0x000060c4       0x14 ./FreeRTOS-Plus-IO/Device/TM4C1294/FreeRTOS_Tiva_uart.o
                0x000060c4                FreeRTOS_UART_read
 .text.init_UART0_rtos_objects
                0x000060d8       0x64 ./FreeRTOS-Plus-IO/Device/TM4C1294/FreeRTOS_Tiva_uart.o
                0x000060d8                init_UART0_rtos_objects
 .text.FreeRTOS_UART_open
                0x0000613c       0xc8 ./FreeRTOS-Plus-IO/Device/TM4C1294/FreeRTOS_Tiva_uart.o
                0x0000613c                FreeRTOS_UART_open
 .text.UART_Send
                0x00006204       0x6c ./FreeRTOS-Plus-IO/Device/TM4C1294/FreeRTOS_Tiva_uart.o
                0x00006204                UART_Send
 .text.FreeRTOS_UART_write
                0x00006270        0xe ./FreeRTOS-Plus-IO/Device/TM4C1294/FreeRTOS_Tiva_uart.o
                0x00006270                FreeRTOS_UART_write
 *fill*         0x0000627e        0x2 
 .text._GPIOIntNumberGet
                0x00006280       0x48 D:/Program Files/ti/TivaWare_C_Series-2.1.4.178/driverlib/gcc/libdriver.a(gpio.o)
 .text.GPIODirModeSet
                0x000062c8       0x2e D:/Program Files/ti/TivaWare_C_Series-2.1.4.178/driverlib/gcc/libdriver.a(gpio.o)
                0x000062c8                GPIODirModeSet
 .text.GPIODirModeGet
                0x000062f6       0x24 D:/Program Files/ti/TivaWare_C_Series-2.1.4.178/driverlib/gcc/libdriver.a(gpio.o)
                0x000062f6                GPIODirModeGet
 .text.GPIOIntTypeSet
                0x0000631a       0x5a D:/Program Files/ti/TivaWare_C_Series-2.1.4.178/driverlib/gcc/libdriver.a(gpio.o)
                0x0000631a                GPIOIntTypeSet
 .text.GPIOIntTypeGet
                0x00006374       0x4a D:/Program Files/ti/TivaWare_C_Series-2.1.4.178/driverlib/gcc/libdriver.a(gpio.o)
                0x00006374                GPIOIntTypeGet
 .text.GPIOPadConfigSet
                0x000063be      0x130 D:/Program Files/ti/TivaWare_C_Series-2.1.4.178/driverlib/gcc/libdriver.a(gpio.o)
                0x000063be                GPIOPadConfigSet
 .text.GPIOPadConfigGet
                0x000064ee       0xc4 D:/Program Files/ti/TivaWare_C_Series-2.1.4.178/driverlib/gcc/libdriver.a(gpio.o)
                0x000064ee                GPIOPadConfigGet
 .text.GPIOIntEnable
                0x000065b2        0xc D:/Program Files/ti/TivaWare_C_Series-2.1.4.178/driverlib/gcc/libdriver.a(gpio.o)
                0x000065b2                GPIOIntEnable
 .text.GPIOIntDisable
                0x000065be        0xe D:/Program Files/ti/TivaWare_C_Series-2.1.4.178/driverlib/gcc/libdriver.a(gpio.o)
                0x000065be                GPIOIntDisable
 .text.GPIOIntStatus
                0x000065cc        0xe D:/Program Files/ti/TivaWare_C_Series-2.1.4.178/driverlib/gcc/libdriver.a(gpio.o)
                0x000065cc                GPIOIntStatus
 .text.GPIOIntClear
                0x000065da        0x6 D:/Program Files/ti/TivaWare_C_Series-2.1.4.178/driverlib/gcc/libdriver.a(gpio.o)
                0x000065da                GPIOIntClear
 .text.GPIOIntRegister
                0x000065e0       0x1a D:/Program Files/ti/TivaWare_C_Series-2.1.4.178/driverlib/gcc/libdriver.a(gpio.o)
                0x000065e0                GPIOIntRegister
 .text.GPIOIntUnregister
                0x000065fa       0x16 D:/Program Files/ti/TivaWare_C_Series-2.1.4.178/driverlib/gcc/libdriver.a(gpio.o)
                0x000065fa                GPIOIntUnregister
 .text.GPIOIntRegisterPin
                0x00006610       0x1e D:/Program Files/ti/TivaWare_C_Series-2.1.4.178/driverlib/gcc/libdriver.a(gpio.o)
                0x00006610                GPIOIntRegisterPin
 .text.GPIOIntUnregisterPin
                0x0000662e       0x1a D:/Program Files/ti/TivaWare_C_Series-2.1.4.178/driverlib/gcc/libdriver.a(gpio.o)
                0x0000662e                GPIOIntUnregisterPin
 .text.GPIOPinRead
                0x00006648        0x6 D:/Program Files/ti/TivaWare_C_Series-2.1.4.178/driverlib/gcc/libdriver.a(gpio.o)
                0x00006648                GPIOPinRead
 .text.GPIOPinWrite
                0x0000664e        0x6 D:/Program Files/ti/TivaWare_C_Series-2.1.4.178/driverlib/gcc/libdriver.a(gpio.o)
                0x0000664e                GPIOPinWrite
 .text.GPIOPinTypeADC
                0x00006654       0x1c D:/Program Files/ti/TivaWare_C_Series-2.1.4.178/driverlib/gcc/libdriver.a(gpio.o)
                0x00006654                GPIOPinTypeADC
 .text.GPIOPinTypeCAN
                0x00006670       0x1c D:/Program Files/ti/TivaWare_C_Series-2.1.4.178/driverlib/gcc/libdriver.a(gpio.o)
                0x00006670                GPIOPinTypeCAN
 .text.GPIOPinTypeComparator
                0x0000668c       0x1c D:/Program Files/ti/TivaWare_C_Series-2.1.4.178/driverlib/gcc/libdriver.a(gpio.o)
                0x0000668c                GPIOPinTypeComparator
 .text.GPIOPinTypeComparatorOutput
                0x000066a8       0x1c D:/Program Files/ti/TivaWare_C_Series-2.1.4.178/driverlib/gcc/libdriver.a(gpio.o)
                0x000066a8                GPIOPinTypeComparatorOutput
 .text.GPIOPinTypeDIVSCLK
                0x000066c4       0x1c D:/Program Files/ti/TivaWare_C_Series-2.1.4.178/driverlib/gcc/libdriver.a(gpio.o)
                0x000066c4                GPIOPinTypeDIVSCLK
 .text.GPIOPinTypeEPI
                0x000066e0       0x1c D:/Program Files/ti/TivaWare_C_Series-2.1.4.178/driverlib/gcc/libdriver.a(gpio.o)
                0x000066e0                GPIOPinTypeEPI
 .text.GPIOPinTypeEthernetLED
                0x000066fc       0x1c D:/Program Files/ti/TivaWare_C_Series-2.1.4.178/driverlib/gcc/libdriver.a(gpio.o)
                0x000066fc                GPIOPinTypeEthernetLED
 .text.GPIOPinTypeEthernetMII
                0x00006718       0x1c D:/Program Files/ti/TivaWare_C_Series-2.1.4.178/driverlib/gcc/libdriver.a(gpio.o)
                0x00006718                GPIOPinTypeEthernetMII
 .text.GPIOPinTypeGPIOInput
                0x00006734       0x1c D:/Program Files/ti/TivaWare_C_Series-2.1.4.178/driverlib/gcc/libdriver.a(gpio.o)
                0x00006734                GPIOPinTypeGPIOInput
 .text.GPIOPinTypeGPIOOutput
                0x00006750       0x1c D:/Program Files/ti/TivaWare_C_Series-2.1.4.178/driverlib/gcc/libdriver.a(gpio.o)
                0x00006750                GPIOPinTypeGPIOOutput
 .text.GPIOPinTypeGPIOOutputOD
                0x0000676c       0x1c D:/Program Files/ti/TivaWare_C_Series-2.1.4.178/driverlib/gcc/libdriver.a(gpio.o)
                0x0000676c                GPIOPinTypeGPIOOutputOD
 .text.GPIOPinTypeHibernateRTCCLK
                0x00006788       0x1c D:/Program Files/ti/TivaWare_C_Series-2.1.4.178/driverlib/gcc/libdriver.a(gpio.o)
                0x00006788                GPIOPinTypeHibernateRTCCLK
 .text.GPIOPinTypeI2C
                0x000067a4       0x1c D:/Program Files/ti/TivaWare_C_Series-2.1.4.178/driverlib/gcc/libdriver.a(gpio.o)
                0x000067a4                GPIOPinTypeI2C
 .text.GPIOPinTypeI2CSCL
                0x000067c0       0x1c D:/Program Files/ti/TivaWare_C_Series-2.1.4.178/driverlib/gcc/libdriver.a(gpio.o)
                0x000067c0                GPIOPinTypeI2CSCL
 .text.GPIOPinTypeLCD
                0x000067dc       0x1c D:/Program Files/ti/TivaWare_C_Series-2.1.4.178/driverlib/gcc/libdriver.a(gpio.o)
                0x000067dc                GPIOPinTypeLCD
 .text.GPIOPinTypeOneWire
                0x000067f8       0x1c D:/Program Files/ti/TivaWare_C_Series-2.1.4.178/driverlib/gcc/libdriver.a(gpio.o)
                0x000067f8                GPIOPinTypeOneWire
 .text.GPIOPinTypePWM
                0x00006814       0x1c D:/Program Files/ti/TivaWare_C_Series-2.1.4.178/driverlib/gcc/libdriver.a(gpio.o)
                0x00006814                GPIOPinTypePWM
 .text.GPIOPinTypeQEI
                0x00006830       0x1c D:/Program Files/ti/TivaWare_C_Series-2.1.4.178/driverlib/gcc/libdriver.a(gpio.o)
                0x00006830                GPIOPinTypeQEI
 .text.GPIOPinTypeSSI
                0x0000684c       0x1c D:/Program Files/ti/TivaWare_C_Series-2.1.4.178/driverlib/gcc/libdriver.a(gpio.o)
                0x0000684c                GPIOPinTypeSSI
 .text.GPIOPinTypeTimer
                0x00006868       0x1c D:/Program Files/ti/TivaWare_C_Series-2.1.4.178/driverlib/gcc/libdriver.a(gpio.o)
                0x00006868                GPIOPinTypeTimer
 .text.GPIOPinTypeTrace
                0x00006884       0x1c D:/Program Files/ti/TivaWare_C_Series-2.1.4.178/driverlib/gcc/libdriver.a(gpio.o)
                0x00006884                GPIOPinTypeTrace
 .text.GPIOPinTypeUART
                0x000068a0       0x1c D:/Program Files/ti/TivaWare_C_Series-2.1.4.178/driverlib/gcc/libdriver.a(gpio.o)
                0x000068a0                GPIOPinTypeUART
 .text.GPIOPinTypeUSBAnalog
                0x000068bc       0x1c D:/Program Files/ti/TivaWare_C_Series-2.1.4.178/driverlib/gcc/libdriver.a(gpio.o)
                0x000068bc                GPIOPinTypeUSBAnalog
 .text.GPIOPinTypeUSBDigital
                0x000068d8       0x1c D:/Program Files/ti/TivaWare_C_Series-2.1.4.178/driverlib/gcc/libdriver.a(gpio.o)
                0x000068d8                GPIOPinTypeUSBDigital
 .text.GPIOPinTypeWakeHigh
                0x000068f4       0x1e D:/Program Files/ti/TivaWare_C_Series-2.1.4.178/driverlib/gcc/libdriver.a(gpio.o)
                0x000068f4                GPIOPinTypeWakeHigh
 .text.GPIOPinTypeWakeLow
                0x00006912       0x1e D:/Program Files/ti/TivaWare_C_Series-2.1.4.178/driverlib/gcc/libdriver.a(gpio.o)
                0x00006912                GPIOPinTypeWakeLow
 .text.GPIOPinWakeStatus
                0x00006930        0x6 D:/Program Files/ti/TivaWare_C_Series-2.1.4.178/driverlib/gcc/libdriver.a(gpio.o)
                0x00006930                GPIOPinWakeStatus
 *fill*         0x00006936        0x2 
 .text.GPIOPinConfigure
                0x00006938       0x4c D:/Program Files/ti/TivaWare_C_Series-2.1.4.178/driverlib/gcc/libdriver.a(gpio.o)
                0x00006938                GPIOPinConfigure
 .text.GPIODMATriggerEnable
                0x00006984        0xc D:/Program Files/ti/TivaWare_C_Series-2.1.4.178/driverlib/gcc/libdriver.a(gpio.o)
                0x00006984                GPIODMATriggerEnable
 .text.GPIODMATriggerDisable
                0x00006990        0xe D:/Program Files/ti/TivaWare_C_Series-2.1.4.178/driverlib/gcc/libdriver.a(gpio.o)
                0x00006990                GPIODMATriggerDisable
 .text.GPIOADCTriggerEnable
                0x0000699e        0xc D:/Program Files/ti/TivaWare_C_Series-2.1.4.178/driverlib/gcc/libdriver.a(gpio.o)
                0x0000699e                GPIOADCTriggerEnable
 .text.GPIOADCTriggerDisable
                0x000069aa        0xe D:/Program Files/ti/TivaWare_C_Series-2.1.4.178/driverlib/gcc/libdriver.a(gpio.o)
                0x000069aa                GPIOADCTriggerDisable
 .text._IntDefaultHandler
                0x000069b8        0x2 D:/Program Files/ti/TivaWare_C_Series-2.1.4.178/driverlib/gcc/libdriver.a(interrupt.o)
 .text.IntMasterEnable
                0x000069ba        0xe D:/Program Files/ti/TivaWare_C_Series-2.1.4.178/driverlib/gcc/libdriver.a(interrupt.o)
                0x000069ba                IntMasterEnable
 .text.IntMasterDisable
                0x000069c8        0xe D:/Program Files/ti/TivaWare_C_Series-2.1.4.178/driverlib/gcc/libdriver.a(interrupt.o)
                0x000069c8                IntMasterDisable
 *fill*         0x000069d6        0x2 
 .text.IntRegister
                0x000069d8       0x34 D:/Program Files/ti/TivaWare_C_Series-2.1.4.178/driverlib/gcc/libdriver.a(interrupt.o)
                0x000069d8                IntRegister
 .text.IntUnregister
                0x00006a0c       0x14 D:/Program Files/ti/TivaWare_C_Series-2.1.4.178/driverlib/gcc/libdriver.a(interrupt.o)
                0x00006a0c                IntUnregister
 .text.IntPriorityGroupingSet
                0x00006a20       0x1c D:/Program Files/ti/TivaWare_C_Series-2.1.4.178/driverlib/gcc/libdriver.a(interrupt.o)
                0x00006a20                IntPriorityGroupingSet
 .text.IntPriorityGroupingGet
                0x00006a3c       0x24 D:/Program Files/ti/TivaWare_C_Series-2.1.4.178/driverlib/gcc/libdriver.a(interrupt.o)
                0x00006a3c                IntPriorityGroupingGet
 .text.IntPrioritySet
                0x00006a60       0x2c D:/Program Files/ti/TivaWare_C_Series-2.1.4.178/driverlib/gcc/libdriver.a(interrupt.o)
                0x00006a60                IntPrioritySet
 .text.IntPriorityGet
                0x00006a8c       0x1c D:/Program Files/ti/TivaWare_C_Series-2.1.4.178/driverlib/gcc/libdriver.a(interrupt.o)
                0x00006a8c                IntPriorityGet
 .text.IntEnable
                0x00006aa8       0x60 D:/Program Files/ti/TivaWare_C_Series-2.1.4.178/driverlib/gcc/libdriver.a(interrupt.o)
                0x00006aa8                IntEnable
 .text.IntDisable
                0x00006b08       0x60 D:/Program Files/ti/TivaWare_C_Series-2.1.4.178/driverlib/gcc/libdriver.a(interrupt.o)
                0x00006b08                IntDisable
 .text.IntIsEnabled
                0x00006b68       0x64 D:/Program Files/ti/TivaWare_C_Series-2.1.4.178/driverlib/gcc/libdriver.a(interrupt.o)
                0x00006b68                IntIsEnabled
 .text.IntPendSet
                0x00006bcc       0x50 D:/Program Files/ti/TivaWare_C_Series-2.1.4.178/driverlib/gcc/libdriver.a(interrupt.o)
                0x00006bcc                IntPendSet
 .text.IntPendClear
                0x00006c1c       0x40 D:/Program Files/ti/TivaWare_C_Series-2.1.4.178/driverlib/gcc/libdriver.a(interrupt.o)
                0x00006c1c                IntPendClear
 .text.IntPriorityMaskSet
                0x00006c5c        0x4 D:/Program Files/ti/TivaWare_C_Series-2.1.4.178/driverlib/gcc/libdriver.a(interrupt.o)
                0x00006c5c                IntPriorityMaskSet
 .text.IntPriorityMaskGet
                0x00006c60        0x4 D:/Program Files/ti/TivaWare_C_Series-2.1.4.178/driverlib/gcc/libdriver.a(interrupt.o)
                0x00006c60                IntPriorityMaskGet
 .text.IntTrigger
                0x00006c64        0xc D:/Program Files/ti/TivaWare_C_Series-2.1.4.178/driverlib/gcc/libdriver.a(interrupt.o)
                0x00006c64                IntTrigger
 .text._SysCtlMemTimingGet
                0x00006c70       0x24 D:/Program Files/ti/TivaWare_C_Series-2.1.4.178/driverlib/gcc/libdriver.a(sysctl.o)
 .text.SysCtlSRAMSizeGet
                0x00006c94       0x10 D:/Program Files/ti/TivaWare_C_Series-2.1.4.178/driverlib/gcc/libdriver.a(sysctl.o)
                0x00006c94                SysCtlSRAMSizeGet
 .text.SysCtlFlashSizeGet
                0x00006ca4       0x3c D:/Program Files/ti/TivaWare_C_Series-2.1.4.178/driverlib/gcc/libdriver.a(sysctl.o)
                0x00006ca4                SysCtlFlashSizeGet
 .text.SysCtlFlashSectorSizeGet
                0x00006ce0       0x38 D:/Program Files/ti/TivaWare_C_Series-2.1.4.178/driverlib/gcc/libdriver.a(sysctl.o)
                0x00006ce0                SysCtlFlashSectorSizeGet
 .text.SysCtlPeripheralPresent
                0x00006d18       0x26 D:/Program Files/ti/TivaWare_C_Series-2.1.4.178/driverlib/gcc/libdriver.a(sysctl.o)
                0x00006d18                SysCtlPeripheralPresent
 .text.SysCtlPeripheralReady
                0x00006d3e       0x26 D:/Program Files/ti/TivaWare_C_Series-2.1.4.178/driverlib/gcc/libdriver.a(sysctl.o)
                0x00006d3e                SysCtlPeripheralReady
 .text.SysCtlPeripheralPowerOn
                0x00006d64       0x22 D:/Program Files/ti/TivaWare_C_Series-2.1.4.178/driverlib/gcc/libdriver.a(sysctl.o)
                0x00006d64                SysCtlPeripheralPowerOn
 .text.SysCtlPeripheralPowerOff
                0x00006d86       0x22 D:/Program Files/ti/TivaWare_C_Series-2.1.4.178/driverlib/gcc/libdriver.a(sysctl.o)
                0x00006d86                SysCtlPeripheralPowerOff
 .text.SysCtlPeripheralReset
                0x00006da8       0x3a D:/Program Files/ti/TivaWare_C_Series-2.1.4.178/driverlib/gcc/libdriver.a(sysctl.o)
                0x00006da8                SysCtlPeripheralReset
 .text.SysCtlPeripheralEnable
                0x00006de2       0x22 D:/Program Files/ti/TivaWare_C_Series-2.1.4.178/driverlib/gcc/libdriver.a(sysctl.o)
                0x00006de2                SysCtlPeripheralEnable
 .text.SysCtlPeripheralDisable
                0x00006e04       0x22 D:/Program Files/ti/TivaWare_C_Series-2.1.4.178/driverlib/gcc/libdriver.a(sysctl.o)
                0x00006e04                SysCtlPeripheralDisable
 .text.SysCtlPeripheralSleepEnable
                0x00006e26       0x22 D:/Program Files/ti/TivaWare_C_Series-2.1.4.178/driverlib/gcc/libdriver.a(sysctl.o)
                0x00006e26                SysCtlPeripheralSleepEnable
 .text.SysCtlPeripheralSleepDisable
                0x00006e48       0x22 D:/Program Files/ti/TivaWare_C_Series-2.1.4.178/driverlib/gcc/libdriver.a(sysctl.o)
                0x00006e48                SysCtlPeripheralSleepDisable
 .text.SysCtlPeripheralDeepSleepEnable
                0x00006e6a       0x22 D:/Program Files/ti/TivaWare_C_Series-2.1.4.178/driverlib/gcc/libdriver.a(sysctl.o)
                0x00006e6a                SysCtlPeripheralDeepSleepEnable
 .text.SysCtlPeripheralDeepSleepDisable
                0x00006e8c       0x22 D:/Program Files/ti/TivaWare_C_Series-2.1.4.178/driverlib/gcc/libdriver.a(sysctl.o)
                0x00006e8c                SysCtlPeripheralDeepSleepDisable
 *fill*         0x00006eae        0x2 
 .text.SysCtlPeripheralClockGating
                0x00006eb0       0x48 D:/Program Files/ti/TivaWare_C_Series-2.1.4.178/driverlib/gcc/libdriver.a(sysctl.o)
                0x00006eb0                SysCtlPeripheralClockGating
 .text.SysCtlIntRegister
                0x00006ef8       0x14 D:/Program Files/ti/TivaWare_C_Series-2.1.4.178/driverlib/gcc/libdriver.a(sysctl.o)
                0x00006ef8                SysCtlIntRegister
 .text.SysCtlIntUnregister
                0x00006f0c       0x12 D:/Program Files/ti/TivaWare_C_Series-2.1.4.178/driverlib/gcc/libdriver.a(sysctl.o)
                0x00006f0c                SysCtlIntUnregister
 *fill*         0x00006f1e        0x2 
 .text.SysCtlIntEnable
                0x00006f20       0x10 D:/Program Files/ti/TivaWare_C_Series-2.1.4.178/driverlib/gcc/libdriver.a(sysctl.o)
                0x00006f20                SysCtlIntEnable
 .text.SysCtlIntDisable
                0x00006f30       0x10 D:/Program Files/ti/TivaWare_C_Series-2.1.4.178/driverlib/gcc/libdriver.a(sysctl.o)
                0x00006f30                SysCtlIntDisable
 .text.SysCtlIntClear
                0x00006f40        0xc D:/Program Files/ti/TivaWare_C_Series-2.1.4.178/driverlib/gcc/libdriver.a(sysctl.o)
                0x00006f40                SysCtlIntClear
 .text.SysCtlIntStatus
                0x00006f4c       0x14 D:/Program Files/ti/TivaWare_C_Series-2.1.4.178/driverlib/gcc/libdriver.a(sysctl.o)
                0x00006f4c                SysCtlIntStatus
 .text.SysCtlLDOSleepSet
                0x00006f60        0xc D:/Program Files/ti/TivaWare_C_Series-2.1.4.178/driverlib/gcc/libdriver.a(sysctl.o)
                0x00006f60                SysCtlLDOSleepSet
 .text.SysCtlLDOSleepGet
                0x00006f6c        0xc D:/Program Files/ti/TivaWare_C_Series-2.1.4.178/driverlib/gcc/libdriver.a(sysctl.o)
                0x00006f6c                SysCtlLDOSleepGet
 .text.SysCtlLDODeepSleepSet
                0x00006f78        0xc D:/Program Files/ti/TivaWare_C_Series-2.1.4.178/driverlib/gcc/libdriver.a(sysctl.o)
                0x00006f78                SysCtlLDODeepSleepSet
 .text.SysCtlLDODeepSleepGet
                0x00006f84        0xc D:/Program Files/ti/TivaWare_C_Series-2.1.4.178/driverlib/gcc/libdriver.a(sysctl.o)
                0x00006f84                SysCtlLDODeepSleepGet
 .text.SysCtlSleepPowerSet
                0x00006f90        0xc D:/Program Files/ti/TivaWare_C_Series-2.1.4.178/driverlib/gcc/libdriver.a(sysctl.o)
                0x00006f90                SysCtlSleepPowerSet
 .text.SysCtlDeepSleepPowerSet
                0x00006f9c        0xc D:/Program Files/ti/TivaWare_C_Series-2.1.4.178/driverlib/gcc/libdriver.a(sysctl.o)
                0x00006f9c                SysCtlDeepSleepPowerSet
 .text.SysCtlReset
                0x00006fa8       0x10 D:/Program Files/ti/TivaWare_C_Series-2.1.4.178/driverlib/gcc/libdriver.a(sysctl.o)
                0x00006fa8                SysCtlReset
 .text.SysCtlSleep
                0x00006fb8        0x4 D:/Program Files/ti/TivaWare_C_Series-2.1.4.178/driverlib/gcc/libdriver.a(sysctl.o)
                0x00006fb8                SysCtlSleep
 .text.SysCtlDeepSleep
                0x00006fbc       0x20 D:/Program Files/ti/TivaWare_C_Series-2.1.4.178/driverlib/gcc/libdriver.a(sysctl.o)
                0x00006fbc                SysCtlDeepSleep
 .text.SysCtlResetCauseGet
                0x00006fdc        0xc D:/Program Files/ti/TivaWare_C_Series-2.1.4.178/driverlib/gcc/libdriver.a(sysctl.o)
                0x00006fdc                SysCtlResetCauseGet
 .text.SysCtlResetCauseClear
                0x00006fe8       0x10 D:/Program Files/ti/TivaWare_C_Series-2.1.4.178/driverlib/gcc/libdriver.a(sysctl.o)
                0x00006fe8                SysCtlResetCauseClear
 .text.SysCtlDelay
                0x00006ff8        0x8 D:/Program Files/ti/TivaWare_C_Series-2.1.4.178/driverlib/gcc/libdriver.a(sysctl.o)
                0x00006ff8                SysCtlDelay
 .text.SysCtlMOSCConfigSet
                0x00007000        0xc D:/Program Files/ti/TivaWare_C_Series-2.1.4.178/driverlib/gcc/libdriver.a(sysctl.o)
                0x00007000                SysCtlMOSCConfigSet
 .text.SysCtlPIOSCCalibrate
                0x0000700c       0x48 D:/Program Files/ti/TivaWare_C_Series-2.1.4.178/driverlib/gcc/libdriver.a(sysctl.o)
                0x0000700c                SysCtlPIOSCCalibrate
 .text.SysCtlResetBehaviorSet
                0x00007054        0xc D:/Program Files/ti/TivaWare_C_Series-2.1.4.178/driverlib/gcc/libdriver.a(sysctl.o)
                0x00007054                SysCtlResetBehaviorSet
 .text.SysCtlResetBehaviorGet
                0x00007060        0xc D:/Program Files/ti/TivaWare_C_Series-2.1.4.178/driverlib/gcc/libdriver.a(sysctl.o)
                0x00007060                SysCtlResetBehaviorGet
 .text.SysCtlClockFreqSet
                0x0000706c      0x248 D:/Program Files/ti/TivaWare_C_Series-2.1.4.178/driverlib/gcc/libdriver.a(sysctl.o)
                0x0000706c                SysCtlClockFreqSet
 .text.SysCtlClockSet
                0x000072b4      0x11c D:/Program Files/ti/TivaWare_C_Series-2.1.4.178/driverlib/gcc/libdriver.a(sysctl.o)
                0x000072b4                SysCtlClockSet
 .text.SysCtlClockGet
                0x000073d0      0x12c D:/Program Files/ti/TivaWare_C_Series-2.1.4.178/driverlib/gcc/libdriver.a(sysctl.o)
                0x000073d0                SysCtlClockGet
 .text.SysCtlDeepSleepClockSet
                0x000074fc        0xc D:/Program Files/ti/TivaWare_C_Series-2.1.4.178/driverlib/gcc/libdriver.a(sysctl.o)
                0x000074fc                SysCtlDeepSleepClockSet
 .text.SysCtlDeepSleepClockConfigSet
                0x00007508       0x60 D:/Program Files/ti/TivaWare_C_Series-2.1.4.178/driverlib/gcc/libdriver.a(sysctl.o)
                0x00007508                SysCtlDeepSleepClockConfigSet
 .text.SysCtlPWMClockSet
                0x00007568       0x14 D:/Program Files/ti/TivaWare_C_Series-2.1.4.178/driverlib/gcc/libdriver.a(sysctl.o)
                0x00007568                SysCtlPWMClockSet
 .text.SysCtlPWMClockGet
                0x0000757c       0x18 D:/Program Files/ti/TivaWare_C_Series-2.1.4.178/driverlib/gcc/libdriver.a(sysctl.o)
                0x0000757c                SysCtlPWMClockGet
 .text.SysCtlGPIOAHBEnable
                0x00007594       0x18 D:/Program Files/ti/TivaWare_C_Series-2.1.4.178/driverlib/gcc/libdriver.a(sysctl.o)
                0x00007594                SysCtlGPIOAHBEnable
 .text.SysCtlGPIOAHBDisable
                0x000075ac       0x1c D:/Program Files/ti/TivaWare_C_Series-2.1.4.178/driverlib/gcc/libdriver.a(sysctl.o)
                0x000075ac                SysCtlGPIOAHBDisable
 .text.SysCtlUSBPLLEnable
                0x000075c8       0x10 D:/Program Files/ti/TivaWare_C_Series-2.1.4.178/driverlib/gcc/libdriver.a(sysctl.o)
                0x000075c8                SysCtlUSBPLLEnable
 .text.SysCtlUSBPLLDisable
                0x000075d8       0x10 D:/Program Files/ti/TivaWare_C_Series-2.1.4.178/driverlib/gcc/libdriver.a(sysctl.o)
                0x000075d8                SysCtlUSBPLLDisable
 .text.SysCtlVoltageEventConfig
                0x000075e8        0xc D:/Program Files/ti/TivaWare_C_Series-2.1.4.178/driverlib/gcc/libdriver.a(sysctl.o)
                0x000075e8                SysCtlVoltageEventConfig
 .text.SysCtlVoltageEventStatus
                0x000075f4        0xc D:/Program Files/ti/TivaWare_C_Series-2.1.4.178/driverlib/gcc/libdriver.a(sysctl.o)
                0x000075f4                SysCtlVoltageEventStatus
 .text.SysCtlVoltageEventClear
                0x00007600       0x10 D:/Program Files/ti/TivaWare_C_Series-2.1.4.178/driverlib/gcc/libdriver.a(sysctl.o)
                0x00007600                SysCtlVoltageEventClear
 .text.SysCtlVCOGet
                0x00007610       0x78 D:/Program Files/ti/TivaWare_C_Series-2.1.4.178/driverlib/gcc/libdriver.a(sysctl.o)
                0x00007610                SysCtlVCOGet
 .text.SysCtlNMIStatus
                0x00007688        0xc D:/Program Files/ti/TivaWare_C_Series-2.1.4.178/driverlib/gcc/libdriver.a(sysctl.o)
                0x00007688                SysCtlNMIStatus
 .text.SysCtlNMIClear
                0x00007694       0x10 D:/Program Files/ti/TivaWare_C_Series-2.1.4.178/driverlib/gcc/libdriver.a(sysctl.o)
                0x00007694                SysCtlNMIClear
 .text.SysCtlClockOutConfig
                0x000076a4       0x10 D:/Program Files/ti/TivaWare_C_Series-2.1.4.178/driverlib/gcc/libdriver.a(sysctl.o)
                0x000076a4                SysCtlClockOutConfig
 .text.SysCtlAltClkConfig
                0x000076b4        0xc D:/Program Files/ti/TivaWare_C_Series-2.1.4.178/driverlib/gcc/libdriver.a(sysctl.o)
                0x000076b4                SysCtlAltClkConfig
 .text._UARTIntNumberGet
                0x000076c0       0x44 D:/Program Files/ti/TivaWare_C_Series-2.1.4.178/driverlib/gcc/libdriver.a(uart.o)
 .text.UARTParityModeSet
                0x00007704        0xc D:/Program Files/ti/TivaWare_C_Series-2.1.4.178/driverlib/gcc/libdriver.a(uart.o)
                0x00007704                UARTParityModeSet
 .text.UARTParityModeGet
                0x00007710        0x8 D:/Program Files/ti/TivaWare_C_Series-2.1.4.178/driverlib/gcc/libdriver.a(uart.o)
                0x00007710                UARTParityModeGet
 .text.UARTFIFOLevelSet
                0x00007718        0x6 D:/Program Files/ti/TivaWare_C_Series-2.1.4.178/driverlib/gcc/libdriver.a(uart.o)
                0x00007718                UARTFIFOLevelSet
 .text.UARTFIFOLevelGet
                0x0000771e       0x10 D:/Program Files/ti/TivaWare_C_Series-2.1.4.178/driverlib/gcc/libdriver.a(uart.o)
                0x0000771e                UARTFIFOLevelGet
 .text.UARTConfigGetExpClk
                0x0000772e       0x28 D:/Program Files/ti/TivaWare_C_Series-2.1.4.178/driverlib/gcc/libdriver.a(uart.o)
                0x0000772e                UARTConfigGetExpClk
 .text.UARTEnable
                0x00007756       0x16 D:/Program Files/ti/TivaWare_C_Series-2.1.4.178/driverlib/gcc/libdriver.a(uart.o)
                0x00007756                UARTEnable
 .text.UARTDisable
                0x0000776c       0x1c D:/Program Files/ti/TivaWare_C_Series-2.1.4.178/driverlib/gcc/libdriver.a(uart.o)
                0x0000776c                UARTDisable
 .text.UARTConfigSetExpClk
                0x00007788       0x48 D:/Program Files/ti/TivaWare_C_Series-2.1.4.178/driverlib/gcc/libdriver.a(uart.o)
                0x00007788                UARTConfigSetExpClk
 .text.UARTFIFOEnable
                0x000077d0        0xa D:/Program Files/ti/TivaWare_C_Series-2.1.4.178/driverlib/gcc/libdriver.a(uart.o)
                0x000077d0                UARTFIFOEnable
 .text.UARTFIFODisable
                0x000077da        0xa D:/Program Files/ti/TivaWare_C_Series-2.1.4.178/driverlib/gcc/libdriver.a(uart.o)
                0x000077da                UARTFIFODisable
 .text.UARTEnableSIR
                0x000077e4       0x12 D:/Program Files/ti/TivaWare_C_Series-2.1.4.178/driverlib/gcc/libdriver.a(uart.o)
                0x000077e4                UARTEnableSIR
 .text.UARTDisableSIR
                0x000077f6        0xa D:/Program Files/ti/TivaWare_C_Series-2.1.4.178/driverlib/gcc/libdriver.a(uart.o)
                0x000077f6                UARTDisableSIR
 .text.UARTSmartCardEnable
                0x00007800       0x16 D:/Program Files/ti/TivaWare_C_Series-2.1.4.178/driverlib/gcc/libdriver.a(uart.o)
                0x00007800                UARTSmartCardEnable
 .text.UARTSmartCardDisable
                0x00007816        0xa D:/Program Files/ti/TivaWare_C_Series-2.1.4.178/driverlib/gcc/libdriver.a(uart.o)
                0x00007816                UARTSmartCardDisable
 .text.UARTModemControlSet
                0x00007820        0xc D:/Program Files/ti/TivaWare_C_Series-2.1.4.178/driverlib/gcc/libdriver.a(uart.o)
                0x00007820                UARTModemControlSet
 .text.UARTModemControlClear
                0x0000782c        0xe D:/Program Files/ti/TivaWare_C_Series-2.1.4.178/driverlib/gcc/libdriver.a(uart.o)
                0x0000782c                UARTModemControlClear
 .text.UARTModemControlGet
                0x0000783a        0x8 D:/Program Files/ti/TivaWare_C_Series-2.1.4.178/driverlib/gcc/libdriver.a(uart.o)
                0x0000783a                UARTModemControlGet
 .text.UARTModemStatusGet
                0x00007842        0xa D:/Program Files/ti/TivaWare_C_Series-2.1.4.178/driverlib/gcc/libdriver.a(uart.o)
                0x00007842                UARTModemStatusGet
 .text.UARTFlowControlSet
                0x0000784c        0xc D:/Program Files/ti/TivaWare_C_Series-2.1.4.178/driverlib/gcc/libdriver.a(uart.o)
                0x0000784c                UARTFlowControlSet
 .text.UARTFlowControlGet
                0x00007858        0x8 D:/Program Files/ti/TivaWare_C_Series-2.1.4.178/driverlib/gcc/libdriver.a(uart.o)
                0x00007858                UARTFlowControlGet
 .text.UARTTxIntModeSet
                0x00007860        0xc D:/Program Files/ti/TivaWare_C_Series-2.1.4.178/driverlib/gcc/libdriver.a(uart.o)
                0x00007860                UARTTxIntModeSet
 .text.UARTTxIntModeGet
                0x0000786c        0x8 D:/Program Files/ti/TivaWare_C_Series-2.1.4.178/driverlib/gcc/libdriver.a(uart.o)
                0x0000786c                UARTTxIntModeGet
 .text.UARTCharsAvail
                0x00007874        0xc D:/Program Files/ti/TivaWare_C_Series-2.1.4.178/driverlib/gcc/libdriver.a(uart.o)
                0x00007874                UARTCharsAvail
 .text.UARTSpaceAvail
                0x00007880        0xc D:/Program Files/ti/TivaWare_C_Series-2.1.4.178/driverlib/gcc/libdriver.a(uart.o)
                0x00007880                UARTSpaceAvail
 .text.UARTCharGetNonBlocking
                0x0000788c        0xe D:/Program Files/ti/TivaWare_C_Series-2.1.4.178/driverlib/gcc/libdriver.a(uart.o)
                0x0000788c                UARTCharGetNonBlocking
 .text.UARTCharGet
                0x0000789a        0xa D:/Program Files/ti/TivaWare_C_Series-2.1.4.178/driverlib/gcc/libdriver.a(uart.o)
                0x0000789a                UARTCharGet
 .text.UARTCharPutNonBlocking
                0x000078a4       0x10 D:/Program Files/ti/TivaWare_C_Series-2.1.4.178/driverlib/gcc/libdriver.a(uart.o)
                0x000078a4                UARTCharPutNonBlocking
 .text.UARTCharPut
                0x000078b4        0xa D:/Program Files/ti/TivaWare_C_Series-2.1.4.178/driverlib/gcc/libdriver.a(uart.o)
                0x000078b4                UARTCharPut
 .text.UARTBreakCtl
                0x000078be       0x16 D:/Program Files/ti/TivaWare_C_Series-2.1.4.178/driverlib/gcc/libdriver.a(uart.o)
                0x000078be                UARTBreakCtl
 .text.UARTBusy
                0x000078d4        0x8 D:/Program Files/ti/TivaWare_C_Series-2.1.4.178/driverlib/gcc/libdriver.a(uart.o)
                0x000078d4                UARTBusy
 .text.UARTIntRegister
                0x000078dc       0x1a D:/Program Files/ti/TivaWare_C_Series-2.1.4.178/driverlib/gcc/libdriver.a(uart.o)
                0x000078dc                UARTIntRegister
 .text.UARTIntUnregister
                0x000078f6       0x16 D:/Program Files/ti/TivaWare_C_Series-2.1.4.178/driverlib/gcc/libdriver.a(uart.o)
                0x000078f6                UARTIntUnregister
 .text.UARTIntEnable
                0x0000790c        0x8 D:/Program Files/ti/TivaWare_C_Series-2.1.4.178/driverlib/gcc/libdriver.a(uart.o)
                0x0000790c                UARTIntEnable
 .text.UARTIntDisable
                0x00007914        0xa D:/Program Files/ti/TivaWare_C_Series-2.1.4.178/driverlib/gcc/libdriver.a(uart.o)
                0x00007914                UARTIntDisable
 .text.UARTIntStatus
                0x0000791e        0xa D:/Program Files/ti/TivaWare_C_Series-2.1.4.178/driverlib/gcc/libdriver.a(uart.o)
                0x0000791e                UARTIntStatus
 .text.UARTIntClear
                0x00007928        0x4 D:/Program Files/ti/TivaWare_C_Series-2.1.4.178/driverlib/gcc/libdriver.a(uart.o)
                0x00007928                UARTIntClear
 .text.UARTDMAEnable
                0x0000792c        0x8 D:/Program Files/ti/TivaWare_C_Series-2.1.4.178/driverlib/gcc/libdriver.a(uart.o)
                0x0000792c                UARTDMAEnable
 .text.UARTDMADisable
                0x00007934        0xa D:/Program Files/ti/TivaWare_C_Series-2.1.4.178/driverlib/gcc/libdriver.a(uart.o)
                0x00007934                UARTDMADisable
 .text.UARTRxErrorGet
                0x0000793e        0x8 D:/Program Files/ti/TivaWare_C_Series-2.1.4.178/driverlib/gcc/libdriver.a(uart.o)
                0x0000793e                UARTRxErrorGet
 .text.UARTRxErrorClear
                0x00007946        0x6 D:/Program Files/ti/TivaWare_C_Series-2.1.4.178/driverlib/gcc/libdriver.a(uart.o)
                0x00007946                UARTRxErrorClear
 .text.UARTClockSourceSet
                0x0000794c        0x6 D:/Program Files/ti/TivaWare_C_Series-2.1.4.178/driverlib/gcc/libdriver.a(uart.o)
                0x0000794c                UARTClockSourceSet
 .text.UARTClockSourceGet
                0x00007952        0x6 D:/Program Files/ti/TivaWare_C_Series-2.1.4.178/driverlib/gcc/libdriver.a(uart.o)
                0x00007952                UARTClockSourceGet
 .text.UART9BitEnable
                0x00007958        0xe D:/Program Files/ti/TivaWare_C_Series-2.1.4.178/driverlib/gcc/libdriver.a(uart.o)
                0x00007958                UART9BitEnable
 .text.UART9BitDisable
                0x00007966        0xe D:/Program Files/ti/TivaWare_C_Series-2.1.4.178/driverlib/gcc/libdriver.a(uart.o)
                0x00007966                UART9BitDisable
 .text.UART9BitAddrSet
                0x00007974        0xa D:/Program Files/ti/TivaWare_C_Series-2.1.4.178/driverlib/gcc/libdriver.a(uart.o)
                0x00007974                UART9BitAddrSet
 .text.UART9BitAddrSend
                0x0000797e       0x2c D:/Program Files/ti/TivaWare_C_Series-2.1.4.178/driverlib/gcc/libdriver.a(uart.o)
                0x0000797e                UART9BitAddrSend
 .text.UARTLoopbackEnable
                0x000079aa        0xa D:/Program Files/ti/TivaWare_C_Series-2.1.4.178/driverlib/gcc/libdriver.a(uart.o)
                0x000079aa                UARTLoopbackEnable
 .text.CPUcpsid
                0x000079b4        0x8 D:/Program Files/ti/TivaWare_C_Series-2.1.4.178/driverlib/gcc/libdriver.a(cpu.o)
                0x000079b4                CPUcpsid
 .text.CPUprimask
                0x000079bc        0x6 D:/Program Files/ti/TivaWare_C_Series-2.1.4.178/driverlib/gcc/libdriver.a(cpu.o)
                0x000079bc                CPUprimask
 .text.CPUcpsie
                0x000079c2        0x8 D:/Program Files/ti/TivaWare_C_Series-2.1.4.178/driverlib/gcc/libdriver.a(cpu.o)
                0x000079c2                CPUcpsie
 .text.CPUwfi   0x000079ca        0x4 D:/Program Files/ti/TivaWare_C_Series-2.1.4.178/driverlib/gcc/libdriver.a(cpu.o)
                0x000079ca                CPUwfi
 .text.CPUbasepriSet
                0x000079ce        0x6 D:/Program Files/ti/TivaWare_C_Series-2.1.4.178/driverlib/gcc/libdriver.a(cpu.o)
                0x000079ce                CPUbasepriSet
 .text.CPUbasepriGet
                0x000079d4        0x6 D:/Program Files/ti/TivaWare_C_Series-2.1.4.178/driverlib/gcc/libdriver.a(cpu.o)
                0x000079d4                CPUbasepriGet
 *fill*         0x000079da        0x2 
 .text.exit     0x000079dc       0x20 d:/program files/ti/ccs920/ccs/tools/compiler/gcc-arm-none-eabi-7-2017-q4-major-win32/bin/../lib/gcc/arm-none-eabi/7.2.1/../../../../arm-none-eabi/lib/thumb/v7e-m/fpv4-sp/hard\libc.a(lib_a-exit.o)
                0x000079dc                exit
 .text.__libc_init_array
                0x000079fc       0x48 d:/program files/ti/ccs920/ccs/tools/compiler/gcc-arm-none-eabi-7-2017-q4-major-win32/bin/../lib/gcc/arm-none-eabi/7.2.1/../../../../arm-none-eabi/lib/thumb/v7e-m/fpv4-sp/hard\libc.a(lib_a-init.o)
                0x000079fc                __libc_init_array
 .text.memset   0x00007a44       0x94 d:/program files/ti/ccs920/ccs/tools/compiler/gcc-arm-none-eabi-7-2017-q4-major-win32/bin/../lib/gcc/arm-none-eabi/7.2.1/../../../../arm-none-eabi/lib/thumb/v7e-m/fpv4-sp/hard\libc.a(lib_a-memset.o)
                0x00007a44                memset
 .text._sprintf_r
                0x00007ad8       0x3c d:/program files/ti/ccs920/ccs/tools/compiler/gcc-arm-none-eabi-7-2017-q4-major-win32/bin/../lib/gcc/arm-none-eabi/7.2.1/../../../../arm-none-eabi/lib/thumb/v7e-m/fpv4-sp/hard\libc.a(lib_a-sprintf.o)
                0x00007ad8                _sprintf_r
 .text.sprintf  0x00007b14       0x44 d:/program files/ti/ccs920/ccs/tools/compiler/gcc-arm-none-eabi-7-2017-q4-major-win32/bin/../lib/gcc/arm-none-eabi/7.2.1/../../../../arm-none-eabi/lib/thumb/v7e-m/fpv4-sp/hard\libc.a(lib_a-sprintf.o)
                0x00007b14                sprintf
 .text.strcpy   0x00007b58       0xbc d:/program files/ti/ccs920/ccs/tools/compiler/gcc-arm-none-eabi-7-2017-q4-major-win32/bin/../lib/gcc/arm-none-eabi/7.2.1/../../../../arm-none-eabi/lib/thumb/v7e-m/fpv4-sp/hard\libc.a(lib_a-strcpy.o)
                0x00007b58                strcpy
 .text.strncmp  0x00007c14       0x98 d:/program files/ti/ccs920/ccs/tools/compiler/gcc-arm-none-eabi-7-2017-q4-major-win32/bin/../lib/gcc/arm-none-eabi/7.2.1/../../../../arm-none-eabi/lib/thumb/v7e-m/fpv4-sp/hard\libc.a(lib_a-strncmp.o)
                0x00007c14                strncmp
 .text.strncpy  0x00007cac       0x64 d:/program files/ti/ccs920/ccs/tools/compiler/gcc-arm-none-eabi-7-2017-q4-major-win32/bin/../lib/gcc/arm-none-eabi/7.2.1/../../../../arm-none-eabi/lib/thumb/v7e-m/fpv4-sp/hard\libc.a(lib_a-strncpy.o)
                0x00007cac                strncpy
 .text._svfprintf_r
                0x00007d10     0x144c d:/program files/ti/ccs920/ccs/tools/compiler/gcc-arm-none-eabi-7-2017-q4-major-win32/bin/../lib/gcc/arm-none-eabi/7.2.1/../../../../arm-none-eabi/lib/thumb/v7e-m/fpv4-sp/hard\libc.a(lib_a-svfprintf.o)
                0x00007d10                _svfprintf_r
 .text.startup.register_fini
                0x0000915c       0x14 d:/program files/ti/ccs920/ccs/tools/compiler/gcc-arm-none-eabi-7-2017-q4-major-win32/bin/../lib/gcc/arm-none-eabi/7.2.1/../../../../arm-none-eabi/lib/thumb/v7e-m/fpv4-sp/hard\libc.a(lib_a-__call_atexit.o)
 .text.__call_exitprocs
                0x00009170       0xe8 d:/program files/ti/ccs920/ccs/tools/compiler/gcc-arm-none-eabi-7-2017-q4-major-win32/bin/../lib/gcc/arm-none-eabi/7.2.1/../../../../arm-none-eabi/lib/thumb/v7e-m/fpv4-sp/hard\libc.a(lib_a-__call_atexit.o)
                0x00009170                __call_exitprocs
 .text.atexit   0x00009258        0xc d:/program files/ti/ccs920/ccs/tools/compiler/gcc-arm-none-eabi-7-2017-q4-major-win32/bin/../lib/gcc/arm-none-eabi/7.2.1/../../../../arm-none-eabi/lib/thumb/v7e-m/fpv4-sp/hard\libc.a(lib_a-atexit.o)
                0x00009258                atexit
 .text.quorem   0x00009264      0x124 d:/program files/ti/ccs920/ccs/tools/compiler/gcc-arm-none-eabi-7-2017-q4-major-win32/bin/../lib/gcc/arm-none-eabi/7.2.1/../../../../arm-none-eabi/lib/thumb/v7e-m/fpv4-sp/hard\libc.a(lib_a-dtoa.o)
 .text._dtoa_r  0x00009388      0xe28 d:/program files/ti/ccs920/ccs/tools/compiler/gcc-arm-none-eabi-7-2017-q4-major-win32/bin/../lib/gcc/arm-none-eabi/7.2.1/../../../../arm-none-eabi/lib/thumb/v7e-m/fpv4-sp/hard\libc.a(lib_a-dtoa.o)
                0x00009388                _dtoa_r
 .text.__libc_fini_array
                0x0000a1b0       0x34 d:/program files/ti/ccs920/ccs/tools/compiler/gcc-arm-none-eabi-7-2017-q4-major-win32/bin/../lib/gcc/arm-none-eabi/7.2.1/../../../../arm-none-eabi/lib/thumb/v7e-m/fpv4-sp/hard\libc.a(lib_a-fini.o)
                0x0000a1b0                __libc_fini_array
 .text.__localeconv_l
                0x0000a1e4        0x4 d:/program files/ti/ccs920/ccs/tools/compiler/gcc-arm-none-eabi-7-2017-q4-major-win32/bin/../lib/gcc/arm-none-eabi/7.2.1/../../../../arm-none-eabi/lib/thumb/v7e-m/fpv4-sp/hard\libc.a(lib_a-localeconv.o)
                0x0000a1e4                __localeconv_l
 .text._localeconv_r
                0x0000a1e8       0x1c d:/program files/ti/ccs920/ccs/tools/compiler/gcc-arm-none-eabi-7-2017-q4-major-win32/bin/../lib/gcc/arm-none-eabi/7.2.1/../../../../arm-none-eabi/lib/thumb/v7e-m/fpv4-sp/hard\libc.a(lib_a-localeconv.o)
                0x0000a1e8                _localeconv_r
 .text.localeconv
                0x0000a204       0x1c d:/program files/ti/ccs920/ccs/tools/compiler/gcc-arm-none-eabi-7-2017-q4-major-win32/bin/../lib/gcc/arm-none-eabi/7.2.1/../../../../arm-none-eabi/lib/thumb/v7e-m/fpv4-sp/hard\libc.a(lib_a-localeconv.o)
                0x0000a204                localeconv
 .text.__retarget_lock_init
                0x0000a220        0x4 d:/program files/ti/ccs920/ccs/tools/compiler/gcc-arm-none-eabi-7-2017-q4-major-win32/bin/../lib/gcc/arm-none-eabi/7.2.1/../../../../arm-none-eabi/lib/thumb/v7e-m/fpv4-sp/hard\libc.a(lib_a-lock.o)
                0x0000a220                __retarget_lock_init
 .text.__retarget_lock_init_recursive
                0x0000a224        0x4 d:/program files/ti/ccs920/ccs/tools/compiler/gcc-arm-none-eabi-7-2017-q4-major-win32/bin/../lib/gcc/arm-none-eabi/7.2.1/../../../../arm-none-eabi/lib/thumb/v7e-m/fpv4-sp/hard\libc.a(lib_a-lock.o)
                0x0000a224                __retarget_lock_init_recursive
 .text.__retarget_lock_close
                0x0000a228        0x4 d:/program files/ti/ccs920/ccs/tools/compiler/gcc-arm-none-eabi-7-2017-q4-major-win32/bin/../lib/gcc/arm-none-eabi/7.2.1/../../../../arm-none-eabi/lib/thumb/v7e-m/fpv4-sp/hard\libc.a(lib_a-lock.o)
                0x0000a228                __retarget_lock_close
 .text.__retarget_lock_close_recursive
                0x0000a22c        0x4 d:/program files/ti/ccs920/ccs/tools/compiler/gcc-arm-none-eabi-7-2017-q4-major-win32/bin/../lib/gcc/arm-none-eabi/7.2.1/../../../../arm-none-eabi/lib/thumb/v7e-m/fpv4-sp/hard\libc.a(lib_a-lock.o)
                0x0000a22c                __retarget_lock_close_recursive
 .text.__retarget_lock_acquire
                0x0000a230        0x4 d:/program files/ti/ccs920/ccs/tools/compiler/gcc-arm-none-eabi-7-2017-q4-major-win32/bin/../lib/gcc/arm-none-eabi/7.2.1/../../../../arm-none-eabi/lib/thumb/v7e-m/fpv4-sp/hard\libc.a(lib_a-lock.o)
                0x0000a230                __retarget_lock_acquire
 .text.__retarget_lock_acquire_recursive
                0x0000a234        0x4 d:/program files/ti/ccs920/ccs/tools/compiler/gcc-arm-none-eabi-7-2017-q4-major-win32/bin/../lib/gcc/arm-none-eabi/7.2.1/../../../../arm-none-eabi/lib/thumb/v7e-m/fpv4-sp/hard\libc.a(lib_a-lock.o)
                0x0000a234                __retarget_lock_acquire_recursive
 .text.__retarget_lock_try_acquire
                0x0000a238        0x4 d:/program files/ti/ccs920/ccs/tools/compiler/gcc-arm-none-eabi-7-2017-q4-major-win32/bin/../lib/gcc/arm-none-eabi/7.2.1/../../../../arm-none-eabi/lib/thumb/v7e-m/fpv4-sp/hard\libc.a(lib_a-lock.o)
                0x0000a238                __retarget_lock_try_acquire
 .text.__retarget_lock_try_acquire_recursive
                0x0000a23c        0x4 d:/program files/ti/ccs920/ccs/tools/compiler/gcc-arm-none-eabi-7-2017-q4-major-win32/bin/../lib/gcc/arm-none-eabi/7.2.1/../../../../arm-none-eabi/lib/thumb/v7e-m/fpv4-sp/hard\libc.a(lib_a-lock.o)
                0x0000a23c                __retarget_lock_try_acquire_recursive
 .text.__retarget_lock_release